Archive member included to satisfy reference by file (symbol)

c:/program files (x86)/atmel/studio/7.0/toolchain/avr8/avr8-gnu-toolchain/bin/../lib/gcc/avr/5.4.0/../../../../avr/lib/avr5\libm.a(fixunssfsi.o)
                              HAL/ULTRASONIC/ULTRASONIC_program.o (__fixunssfsi)
c:/program files (x86)/atmel/studio/7.0/toolchain/avr8/avr8-gnu-toolchain/bin/../lib/gcc/avr/5.4.0/../../../../avr/lib/avr5\libm.a(floatsisf.o)
                              HAL/ULTRASONIC/ULTRASONIC_program.o (__floatunsisf)
c:/program files (x86)/atmel/studio/7.0/toolchain/avr8/avr8-gnu-toolchain/bin/../lib/gcc/avr/5.4.0/../../../../avr/lib/avr5\libm.a(fp_split3.o)
                              c:/program files (x86)/atmel/studio/7.0/toolchain/avr8/avr8-gnu-toolchain/bin/../lib/gcc/avr/5.4.0/../../../../avr/lib/avr5\libm.a(fixunssfsi.o) (__fp_splitA)
c:/program files (x86)/atmel/studio/7.0/toolchain/avr8/avr8-gnu-toolchain/bin/../lib/gcc/avr/5.4.0/../../../../avr/lib/avr5\libm.a(fp_zero.o)
                              c:/program files (x86)/atmel/studio/7.0/toolchain/avr8/avr8-gnu-toolchain/bin/../lib/gcc/avr/5.4.0/../../../../avr/lib/avr5\libm.a(fixunssfsi.o) (__fp_zero)
c:/program files (x86)/atmel/studio/7.0/toolchain/avr8/avr8-gnu-toolchain/bin/../lib/gcc/avr/5.4.0/../../../../avr/lib/avr5\libm.a(mulsf3.o)
                              HAL/ULTRASONIC/ULTRASONIC_program.o (__mulsf3)
c:/program files (x86)/atmel/studio/7.0/toolchain/avr8/avr8-gnu-toolchain/bin/../lib/gcc/avr/5.4.0/../../../../avr/lib/avr5\libm.a(mulsf3x.o)
                              c:/program files (x86)/atmel/studio/7.0/toolchain/avr8/avr8-gnu-toolchain/bin/../lib/gcc/avr/5.4.0/../../../../avr/lib/avr5\libm.a(mulsf3.o) (__mulsf3x)
c:/program files (x86)/atmel/studio/7.0/toolchain/avr8/avr8-gnu-toolchain/bin/../lib/gcc/avr/5.4.0/../../../../avr/lib/avr5\libm.a(fp_inf.o)
                              c:/program files (x86)/atmel/studio/7.0/toolchain/avr8/avr8-gnu-toolchain/bin/../lib/gcc/avr/5.4.0/../../../../avr/lib/avr5\libm.a(mulsf3x.o) (__fp_inf)
c:/program files (x86)/atmel/studio/7.0/toolchain/avr8/avr8-gnu-toolchain/bin/../lib/gcc/avr/5.4.0/../../../../avr/lib/avr5\libm.a(fp_nan.o)
                              c:/program files (x86)/atmel/studio/7.0/toolchain/avr8/avr8-gnu-toolchain/bin/../lib/gcc/avr/5.4.0/../../../../avr/lib/avr5\libm.a(mulsf3x.o) (__fp_nan)
c:/program files (x86)/atmel/studio/7.0/toolchain/avr8/avr8-gnu-toolchain/bin/../lib/gcc/avr/5.4.0/../../../../avr/lib/avr5\libm.a(fp_pscA.o)
                              c:/program files (x86)/atmel/studio/7.0/toolchain/avr8/avr8-gnu-toolchain/bin/../lib/gcc/avr/5.4.0/../../../../avr/lib/avr5\libm.a(mulsf3x.o) (__fp_pscA)
c:/program files (x86)/atmel/studio/7.0/toolchain/avr8/avr8-gnu-toolchain/bin/../lib/gcc/avr/5.4.0/../../../../avr/lib/avr5\libm.a(fp_pscB.o)
                              c:/program files (x86)/atmel/studio/7.0/toolchain/avr8/avr8-gnu-toolchain/bin/../lib/gcc/avr/5.4.0/../../../../avr/lib/avr5\libm.a(mulsf3x.o) (__fp_pscB)
c:/program files (x86)/atmel/studio/7.0/toolchain/avr8/avr8-gnu-toolchain/bin/../lib/gcc/avr/5.4.0/../../../../avr/lib/avr5\libm.a(fp_round.o)
                              c:/program files (x86)/atmel/studio/7.0/toolchain/avr8/avr8-gnu-toolchain/bin/../lib/gcc/avr/5.4.0/../../../../avr/lib/avr5\libm.a(mulsf3.o) (__fp_round)
c:/program files (x86)/atmel/studio/7.0/toolchain/avr8/avr8-gnu-toolchain/bin/../lib/gcc/avr/5.4.0/avr5\libgcc.a(_exit.o)
                              C:/Program Files (x86)/Atmel/Studio/7.0/Packs/atmel/ATmega_DFP/1.7.374/gcc/dev/atmega32/avr5/crtatmega32.o (exit)
c:/program files (x86)/atmel/studio/7.0/toolchain/avr8/avr8-gnu-toolchain/bin/../lib/gcc/avr/5.4.0/avr5\libgcc.a(_tablejump2.o)
                              APP/main.o (__tablejump2__)
c:/program files (x86)/atmel/studio/7.0/toolchain/avr8/avr8-gnu-toolchain/bin/../lib/gcc/avr/5.4.0/avr5\libgcc.a(_copy_data.o)
                              APP/main.o (__do_copy_data)
c:/program files (x86)/atmel/studio/7.0/toolchain/avr8/avr8-gnu-toolchain/bin/../lib/gcc/avr/5.4.0/avr5\libgcc.a(_clear_bss.o)
                              APP/main.o (__do_clear_bss)
c:/program files (x86)/atmel/studio/7.0/toolchain/avr8/avr8-gnu-toolchain/bin/../lib/gcc/avr/5.4.0/avr5\libgcc.a(_umulhisi3.o)
                              HAL/ULTRASONIC/ULTRASONIC_program.o (__umulhisi3)
c:/program files (x86)/atmel/studio/7.0/toolchain/avr8/avr8-gnu-toolchain/bin/../lib/gcc/avr/5.4.0/avr5\libgcc.a(_muluhisi3.o)
                              MCAL/TIMER_0/TIMER0_program.o (__muluhisi3)
c:/program files (x86)/atmel/studio/7.0/toolchain/avr8/avr8-gnu-toolchain/bin/../lib/gcc/avr/5.4.0/avr5\libgcc.a(_divdi3.o)
                              HAL/LCD/LCD_program.o (__moddi3)
c:/program files (x86)/atmel/studio/7.0/toolchain/avr8/avr8-gnu-toolchain/bin/../lib/gcc/avr/5.4.0/avr5\libgcc.a(_udivdi3.o)
                              c:/program files (x86)/atmel/studio/7.0/toolchain/avr8/avr8-gnu-toolchain/bin/../lib/gcc/avr/5.4.0/avr5\libgcc.a(_divdi3.o) (__udivdi3_umoddi3)
c:/program files (x86)/atmel/studio/7.0/toolchain/avr8/avr8-gnu-toolchain/bin/../lib/gcc/avr/5.4.0/avr5\libgcc.a(_udivmod64.o)
                              c:/program files (x86)/atmel/studio/7.0/toolchain/avr8/avr8-gnu-toolchain/bin/../lib/gcc/avr/5.4.0/avr5\libgcc.a(_divdi3.o) (__udivmod64)
c:/program files (x86)/atmel/studio/7.0/toolchain/avr8/avr8-gnu-toolchain/bin/../lib/gcc/avr/5.4.0/avr5\libgcc.a(_negdi2.o)
                              HAL/LCD/LCD_program.o (__negdi2)
c:/program files (x86)/atmel/studio/7.0/toolchain/avr8/avr8-gnu-toolchain/bin/../lib/gcc/avr/5.4.0/avr5\libgcc.a(_prologue.o)
                              c:/program files (x86)/atmel/studio/7.0/toolchain/avr8/avr8-gnu-toolchain/bin/../lib/gcc/avr/5.4.0/avr5\libgcc.a(_divdi3.o) (__prologue_saves__)
c:/program files (x86)/atmel/studio/7.0/toolchain/avr8/avr8-gnu-toolchain/bin/../lib/gcc/avr/5.4.0/avr5\libgcc.a(_epilogue.o)
                              c:/program files (x86)/atmel/studio/7.0/toolchain/avr8/avr8-gnu-toolchain/bin/../lib/gcc/avr/5.4.0/avr5\libgcc.a(_divdi3.o) (__epilogue_restores__)
c:/program files (x86)/atmel/studio/7.0/toolchain/avr8/avr8-gnu-toolchain/bin/../lib/gcc/avr/5.4.0/avr5\libgcc.a(_cmpdi2_s8.o)
                              HAL/LCD/LCD_program.o (__cmpdi2_s8)

Allocating common symbols
Common symbol       size              file

RX_str              0x2               SERVICES/UART_SERVICES/UartServices.o
TX_STR              0x2               SERVICES/UART_SERVICES/UartServices.o
r                   0x1               HAL/KEYPAD/KEYPAD_program.o
rs_str              0x2               SERVICES/UART_SERVICES/UartServices.o
c                   0x1               HAL/KEYPAD/KEYPAD_program.o

Discarded input sections

 .data          0x00000000        0x0 C:/Program Files (x86)/Atmel/Studio/7.0/Packs/atmel/ATmega_DFP/1.7.374/gcc/dev/atmega32/avr5/crtatmega32.o
 .bss           0x00000000        0x0 C:/Program Files (x86)/Atmel/Studio/7.0/Packs/atmel/ATmega_DFP/1.7.374/gcc/dev/atmega32/avr5/crtatmega32.o
 .text          0x00000000        0x0 APP/main.o
 .data          0x00000000        0x0 APP/main.o
 .bss           0x00000000        0x0 APP/main.o
 .text          0x00000000        0x0 HAL/BUZZER/BUZZER_program.o
 .data          0x00000000        0x0 HAL/BUZZER/BUZZER_program.o
 .bss           0x00000000        0x0 HAL/BUZZER/BUZZER_program.o
 .text          0x00000000        0x0 HAL/EEPROM/EEPROM_program.o
 .data          0x00000000        0x0 HAL/EEPROM/EEPROM_program.o
 .bss           0x00000000        0x0 HAL/EEPROM/EEPROM_program.o
 .text          0x00000000        0x0 HAL/KEYPAD/KEYPAD_program.o
 .data          0x00000000        0x0 HAL/KEYPAD/KEYPAD_program.o
 .bss           0x00000000        0x0 HAL/KEYPAD/KEYPAD_program.o
 .text          0x00000000        0x0 HAL/LCD/LCD_program.o
 .data          0x00000000        0x0 HAL/LCD/LCD_program.o
 .bss           0x00000000        0x0 HAL/LCD/LCD_program.o
 .text.H_LCD_SendNumber
                0x00000000      0x168 HAL/LCD/LCD_program.o
 .text.H_LCD_voidSetCustomCharacter
                0x00000000       0x36 HAL/LCD/LCD_program.o
 .text.H_LCD_voidWriteHex
                0x00000000       0x36 HAL/LCD/LCD_program.o
 .text          0x00000000        0x0 HAL/LED/LED_program.o
 .data          0x00000000        0x0 HAL/LED/LED_program.o
 .bss           0x00000000        0x0 HAL/LED/LED_program.o
 .text.H_LED_voidToggle
                0x00000000        0x6 HAL/LED/LED_program.o
 .text.H_LED_u8GetStatus
                0x00000000        0xa HAL/LED/LED_program.o
 .text          0x00000000        0x0 HAL/RELAY/RELAY_program.o
 .data          0x00000000        0x0 HAL/RELAY/RELAY_program.o
 .bss           0x00000000        0x0 HAL/RELAY/RELAY_program.o
 .text.H_RELAY_voidInit
                0x00000000        0xa HAL/RELAY/RELAY_program.o
 .text.H_RELAY_voidTurnOn
                0x00000000        0xa HAL/RELAY/RELAY_program.o
 .text.H_RELAY_voidTurnOff
                0x00000000        0xa HAL/RELAY/RELAY_program.o
 .debug_info    0x00000000      0x117 HAL/RELAY/RELAY_program.o
 .debug_abbrev  0x00000000       0x64 HAL/RELAY/RELAY_program.o
 .debug_aranges
                0x00000000       0x30 HAL/RELAY/RELAY_program.o
 .debug_ranges  0x00000000       0x20 HAL/RELAY/RELAY_program.o
 .debug_line    0x00000000       0xab HAL/RELAY/RELAY_program.o
 .debug_str     0x00000000      0x217 HAL/RELAY/RELAY_program.o
 .comment       0x00000000       0x31 HAL/RELAY/RELAY_program.o
 .debug_frame   0x00000000       0x44 HAL/RELAY/RELAY_program.o
 .text          0x00000000        0x0 HAL/SSD/SSD_program.o
 .data          0x00000000        0x0 HAL/SSD/SSD_program.o
 .bss           0x00000000        0x0 HAL/SSD/SSD_program.o
 .text.H_SSD_voidDisplay
                0x00000000       0xbc HAL/SSD/SSD_program.o
 .text          0x00000000        0x0 HAL/ULTRASONIC/ULTRASONIC_program.o
 .data          0x00000000        0x0 HAL/ULTRASONIC/ULTRASONIC_program.o
 .bss           0x00000000        0x0 HAL/ULTRASONIC/ULTRASONIC_program.o
 .text.H_Ultra_ICU_Func
                0x00000000       0x3e HAL/ULTRASONIC/ULTRASONIC_program.o
 .text.H_Ultrasonic_voidInit
                0x00000000       0x32 HAL/ULTRASONIC/ULTRASONIC_program.o
 .text.H_Ultrasonic_voidGetDistance
                0x00000000       0x8e HAL/ULTRASONIC/ULTRASONIC_program.o
 .bss.Reading2  0x00000000        0x2 HAL/ULTRASONIC/ULTRASONIC_program.o
 .bss.Reading1  0x00000000        0x2 HAL/ULTRASONIC/ULTRASONIC_program.o
 .bss.flag      0x00000000        0x1 HAL/ULTRASONIC/ULTRASONIC_program.o
 .debug_info    0x00000000      0x392 HAL/ULTRASONIC/ULTRASONIC_program.o
 .debug_abbrev  0x00000000      0x157 HAL/ULTRASONIC/ULTRASONIC_program.o
 .debug_loc     0x00000000       0xff HAL/ULTRASONIC/ULTRASONIC_program.o
 .debug_aranges
                0x00000000       0x30 HAL/ULTRASONIC/ULTRASONIC_program.o
 .debug_ranges  0x00000000       0x20 HAL/ULTRASONIC/ULTRASONIC_program.o
 .debug_line    0x00000000      0x2aa HAL/ULTRASONIC/ULTRASONIC_program.o
 .debug_str     0x00000000      0x3e4 HAL/ULTRASONIC/ULTRASONIC_program.o
 .comment       0x00000000       0x31 HAL/ULTRASONIC/ULTRASONIC_program.o
 .debug_frame   0x00000000       0x64 HAL/ULTRASONIC/ULTRASONIC_program.o
 .text          0x00000000        0x0 MCAL/DIO/DIO_program.o
 .data          0x00000000        0x0 MCAL/DIO/DIO_program.o
 .bss           0x00000000        0x0 MCAL/DIO/DIO_program.o
 .text.M_DIO_voidTogglePinValue
                0x00000000       0x22 MCAL/DIO/DIO_program.o
 .text.M_DIO_voidSetPortDirection
                0x00000000       0x50 MCAL/DIO/DIO_program.o
 .text.M_DIO_voidSetPortValue
                0x00000000       0x20 MCAL/DIO/DIO_program.o
 .text.M_DIO_u8GetPortValue
                0x00000000       0x24 MCAL/DIO/DIO_program.o
 .text          0x00000000        0x0 MCAL/EXT_INTERRUPT/EXTI_program.o
 .data          0x00000000        0x0 MCAL/EXT_INTERRUPT/EXTI_program.o
 .bss           0x00000000        0x0 MCAL/EXT_INTERRUPT/EXTI_program.o
 .text.M_EXTI_voidEXTIDisable
                0x00000000       0x24 MCAL/EXT_INTERRUPT/EXTI_program.o
 .text          0x00000000        0x0 MCAL/GIE/GIE_program.o
 .data          0x00000000        0x0 MCAL/GIE/GIE_program.o
 .bss           0x00000000        0x0 MCAL/GIE/GIE_program.o
 .text.M_Global_Interrupt_Disable
                0x00000000        0x8 MCAL/GIE/GIE_program.o
 .text          0x00000000        0x0 MCAL/TIMER_0/TIMER0_program.o
 .data          0x00000000        0x0 MCAL/TIMER_0/TIMER0_program.o
 .bss           0x00000000        0x0 MCAL/TIMER_0/TIMER0_program.o
 .text.M_Timer0_GetCounts
                0x00000000        0xe MCAL/TIMER_0/TIMER0_program.o
 .text.M_Timer0_SetDelayTimeMilliSec
                0x00000000       0x76 MCAL/TIMER_0/TIMER0_program.o
 .text.M_Timer0_SetFastPWM
                0x00000000        0xc MCAL/TIMER_0/TIMER0_program.o
 .text.M_Timer0_SetPhaseCorrectPWM
                0x00000000        0xc MCAL/TIMER_0/TIMER0_program.o
 .text.M_TIMER0_DisableInt
                0x00000000       0x22 MCAL/TIMER_0/TIMER0_program.o
 .text.M_TIMER0_SetCallBack
                0x00000000       0x30 MCAL/TIMER_0/TIMER0_program.o
 .text          0x00000000        0x0 MCAL/TIMER_1/TIMER1_program.o
 .data          0x00000000        0x0 MCAL/TIMER_1/TIMER1_program.o
 .bss           0x00000000        0x0 MCAL/TIMER_1/TIMER1_program.o
 .text.M_TIMER1_voidInit
                0x00000000       0x32 MCAL/TIMER_1/TIMER1_program.o
 .text.M_TIMER1_voidStart
                0x00000000        0xe MCAL/TIMER_1/TIMER1_program.o
 .text.M_TIMER1_voidStop
                0x00000000       0x14 MCAL/TIMER_1/TIMER1_program.o
 .text.M_Timer1_ICU_voidInterruptEnable
                0x00000000        0x8 MCAL/TIMER_1/TIMER1_program.o
 .text.M_Timer1_ICU_voidInterruptDisable
                0x00000000        0x8 MCAL/TIMER_1/TIMER1_program.o
 .text.M_Timer1_OVF_voidInterruptEnable
                0x00000000        0x8 MCAL/TIMER_1/TIMER1_program.o
 .text.M_Timer1_OVF_voidInterruptDisable
                0x00000000        0x8 MCAL/TIMER_1/TIMER1_program.o
 .text.M_Timer1_OCA_voidInterruptEnable
                0x00000000        0x8 MCAL/TIMER_1/TIMER1_program.o
 .text.M_Timer1_OCA_voidInterruptDisable
                0x00000000        0x8 MCAL/TIMER_1/TIMER1_program.o
 .text.M_Timer1_OCB_voidInterruptEnable
                0x00000000        0x8 MCAL/TIMER_1/TIMER1_program.o
 .text.M_Timer1_OCB_voidInterruptDisable
                0x00000000        0x8 MCAL/TIMER_1/TIMER1_program.o
 .text.M_TIMER1_ICU_voidSetTrigger
                0x00000000       0x1a MCAL/TIMER_1/TIMER1_program.o
 .text.M_TIMER1_ICU_u16takeReading
                0x00000000        0x6 MCAL/TIMER_1/TIMER1_program.o
 .text.M_TIMER1_voidSetCallBack
                0x00000000       0x3e MCAL/TIMER_1/TIMER1_program.o
 .text.M_TIMER1_GetTimerValue
                0x00000000        0x6 MCAL/TIMER_1/TIMER1_program.o
 .text.M_TIMER1_ClearTCNT
                0x00000000        0x6 MCAL/TIMER_1/TIMER1_program.o
 .text.M_TIMER1_f32GetTickTime
                0x00000000        0xa MCAL/TIMER_1/TIMER1_program.o
 .text.M_TIMER1_u16GetTopValue
                0x00000000        0x6 MCAL/TIMER_1/TIMER1_program.o
 .text.M_TIMER1_void_Set_OCR1B_Value
                0x00000000        0x6 MCAL/TIMER_1/TIMER1_program.o
 .text          0x00000000        0x0 MCAL/TWI/TWI_program.o
 .data          0x00000000        0x0 MCAL/TWI/TWI_program.o
 .bss           0x00000000        0x0 MCAL/TWI/TWI_program.o
 .text.M_TWI_voidRecieveByte_Ack
                0x00000000       0x12 MCAL/TWI/TWI_program.o
 .text          0x00000000        0x0 MCAL/UART/UART_program.o
 .data          0x00000000        0x0 MCAL/UART/UART_program.o
 .bss           0x00000000        0x0 MCAL/UART/UART_program.o
 .text.M_UART_u8Receive
                0x00000000        0x8 MCAL/UART/UART_program.o
 .text.M_UART_u8ReceivePeriodic
                0x00000000       0x16 MCAL/UART/UART_program.o
 .text.M_UART_voidSendNoBlock
                0x00000000        0x4 MCAL/UART/UART_program.o
 .text.M_UART_void_RX_InterruptDisable
                0x00000000        0x8 MCAL/UART/UART_program.o
 .text.M_UART_void_TX_InterruptEnable
                0x00000000        0x8 MCAL/UART/UART_program.o
 .text.M_UART_void_TX_InterruptDisable
                0x00000000        0x8 MCAL/UART/UART_program.o
 .text.M_UART_void_TX_SetCallBack
                0x00000000        0xa MCAL/UART/UART_program.o
 .text          0x00000000        0x0 SERVICES/UART_SERVICES/UartServices.o
 .data          0x00000000        0x0 SERVICES/UART_SERVICES/UartServices.o
 .bss           0x00000000        0x0 SERVICES/UART_SERVICES/UartServices.o
 .text.RX_FUNC  0x00000000       0x5e SERVICES/UART_SERVICES/UartServices.o
 .text.TX_FUNC  0x00000000       0x2e SERVICES/UART_SERVICES/UartServices.o
 .text.S_UART_SendStringSynch
                0x00000000       0x2c SERVICES/UART_SERVICES/UartServices.o
 .text.S_UART_ReceiveStringSynch
                0x00000000       0x42 SERVICES/UART_SERVICES/UartServices.o
 .text.S_UART_void_ReceiveStringAsynch
                0x00000000       0x20 SERVICES/UART_SERVICES/UartServices.o
 .text.S_UART_SendStringAsynch
                0x00000000       0x26 SERVICES/UART_SERVICES/UartServices.o
 .data.i.1669   0x00000000        0x1 SERVICES/UART_SERVICES/UartServices.o
 .bss.i.1650    0x00000000        0x1 SERVICES/UART_SERVICES/UartServices.o
 .text          0x00000000        0x0 c:/program files (x86)/atmel/studio/7.0/toolchain/avr8/avr8-gnu-toolchain/bin/../lib/gcc/avr/5.4.0/../../../../avr/lib/avr5\libm.a(fixunssfsi.o)
 .data          0x00000000        0x0 c:/program files (x86)/atmel/studio/7.0/toolchain/avr8/avr8-gnu-toolchain/bin/../lib/gcc/avr/5.4.0/../../../../avr/lib/avr5\libm.a(fixunssfsi.o)
 .bss           0x00000000        0x0 c:/program files (x86)/atmel/studio/7.0/toolchain/avr8/avr8-gnu-toolchain/bin/../lib/gcc/avr/5.4.0/../../../../avr/lib/avr5\libm.a(fixunssfsi.o)
 .text.avr-libc.fplib
                0x00000000       0x5e c:/program files (x86)/atmel/studio/7.0/toolchain/avr8/avr8-gnu-toolchain/bin/../lib/gcc/avr/5.4.0/../../../../avr/lib/avr5\libm.a(fixunssfsi.o)
 .text          0x00000000        0x0 c:/program files (x86)/atmel/studio/7.0/toolchain/avr8/avr8-gnu-toolchain/bin/../lib/gcc/avr/5.4.0/../../../../avr/lib/avr5\libm.a(floatsisf.o)
 .data          0x00000000        0x0 c:/program files (x86)/atmel/studio/7.0/toolchain/avr8/avr8-gnu-toolchain/bin/../lib/gcc/avr/5.4.0/../../../../avr/lib/avr5\libm.a(floatsisf.o)
 .bss           0x00000000        0x0 c:/program files (x86)/atmel/studio/7.0/toolchain/avr8/avr8-gnu-toolchain/bin/../lib/gcc/avr/5.4.0/../../../../avr/lib/avr5\libm.a(floatsisf.o)
 .text.avr-libc.fplib
                0x00000000       0x7a c:/program files (x86)/atmel/studio/7.0/toolchain/avr8/avr8-gnu-toolchain/bin/../lib/gcc/avr/5.4.0/../../../../avr/lib/avr5\libm.a(floatsisf.o)
 .text          0x00000000        0x0 c:/program files (x86)/atmel/studio/7.0/toolchain/avr8/avr8-gnu-toolchain/bin/../lib/gcc/avr/5.4.0/../../../../avr/lib/avr5\libm.a(fp_split3.o)
 .data          0x00000000        0x0 c:/program files (x86)/atmel/studio/7.0/toolchain/avr8/avr8-gnu-toolchain/bin/../lib/gcc/avr/5.4.0/../../../../avr/lib/avr5\libm.a(fp_split3.o)
 .bss           0x00000000        0x0 c:/program files (x86)/atmel/studio/7.0/toolchain/avr8/avr8-gnu-toolchain/bin/../lib/gcc/avr/5.4.0/../../../../avr/lib/avr5\libm.a(fp_split3.o)
 .text.avr-libc.fplib
                0x00000000       0x44 c:/program files (x86)/atmel/studio/7.0/toolchain/avr8/avr8-gnu-toolchain/bin/../lib/gcc/avr/5.4.0/../../../../avr/lib/avr5\libm.a(fp_split3.o)
 .text          0x00000000        0x0 c:/program files (x86)/atmel/studio/7.0/toolchain/avr8/avr8-gnu-toolchain/bin/../lib/gcc/avr/5.4.0/../../../../avr/lib/avr5\libm.a(fp_zero.o)
 .data          0x00000000        0x0 c:/program files (x86)/atmel/studio/7.0/toolchain/avr8/avr8-gnu-toolchain/bin/../lib/gcc/avr/5.4.0/../../../../avr/lib/avr5\libm.a(fp_zero.o)
 .bss           0x00000000        0x0 c:/program files (x86)/atmel/studio/7.0/toolchain/avr8/avr8-gnu-toolchain/bin/../lib/gcc/avr/5.4.0/../../../../avr/lib/avr5\libm.a(fp_zero.o)
 .text.avr-libc.fplib
                0x00000000        0xe c:/program files (x86)/atmel/studio/7.0/toolchain/avr8/avr8-gnu-toolchain/bin/../lib/gcc/avr/5.4.0/../../../../avr/lib/avr5\libm.a(fp_zero.o)
 .text          0x00000000        0x0 c:/program files (x86)/atmel/studio/7.0/toolchain/avr8/avr8-gnu-toolchain/bin/../lib/gcc/avr/5.4.0/../../../../avr/lib/avr5\libm.a(mulsf3.o)
 .data          0x00000000        0x0 c:/program files (x86)/atmel/studio/7.0/toolchain/avr8/avr8-gnu-toolchain/bin/../lib/gcc/avr/5.4.0/../../../../avr/lib/avr5\libm.a(mulsf3.o)
 .bss           0x00000000        0x0 c:/program files (x86)/atmel/studio/7.0/toolchain/avr8/avr8-gnu-toolchain/bin/../lib/gcc/avr/5.4.0/../../../../avr/lib/avr5\libm.a(mulsf3.o)
 .text.avr-libc.fplib
                0x00000000        0x8 c:/program files (x86)/atmel/studio/7.0/toolchain/avr8/avr8-gnu-toolchain/bin/../lib/gcc/avr/5.4.0/../../../../avr/lib/avr5\libm.a(mulsf3.o)
 .text          0x00000000        0x0 c:/program files (x86)/atmel/studio/7.0/toolchain/avr8/avr8-gnu-toolchain/bin/../lib/gcc/avr/5.4.0/../../../../avr/lib/avr5\libm.a(mulsf3x.o)
 .data          0x00000000        0x0 c:/program files (x86)/atmel/studio/7.0/toolchain/avr8/avr8-gnu-toolchain/bin/../lib/gcc/avr/5.4.0/../../../../avr/lib/avr5\libm.a(mulsf3x.o)
 .bss           0x00000000        0x0 c:/program files (x86)/atmel/studio/7.0/toolchain/avr8/avr8-gnu-toolchain/bin/../lib/gcc/avr/5.4.0/../../../../avr/lib/avr5\libm.a(mulsf3x.o)
 .text.avr-libc.fplib
                0x00000000       0xd2 c:/program files (x86)/atmel/studio/7.0/toolchain/avr8/avr8-gnu-toolchain/bin/../lib/gcc/avr/5.4.0/../../../../avr/lib/avr5\libm.a(mulsf3x.o)
 .text          0x00000000        0x0 c:/program files (x86)/atmel/studio/7.0/toolchain/avr8/avr8-gnu-toolchain/bin/../lib/gcc/avr/5.4.0/../../../../avr/lib/avr5\libm.a(fp_inf.o)
 .data          0x00000000        0x0 c:/program files (x86)/atmel/studio/7.0/toolchain/avr8/avr8-gnu-toolchain/bin/../lib/gcc/avr/5.4.0/../../../../avr/lib/avr5\libm.a(fp_inf.o)
 .bss           0x00000000        0x0 c:/program files (x86)/atmel/studio/7.0/toolchain/avr8/avr8-gnu-toolchain/bin/../lib/gcc/avr/5.4.0/../../../../avr/lib/avr5\libm.a(fp_inf.o)
 .text.avr-libc.fplib
                0x00000000        0xc c:/program files (x86)/atmel/studio/7.0/toolchain/avr8/avr8-gnu-toolchain/bin/../lib/gcc/avr/5.4.0/../../../../avr/lib/avr5\libm.a(fp_inf.o)
 .text          0x00000000        0x0 c:/program files (x86)/atmel/studio/7.0/toolchain/avr8/avr8-gnu-toolchain/bin/../lib/gcc/avr/5.4.0/../../../../avr/lib/avr5\libm.a(fp_nan.o)
 .data          0x00000000        0x0 c:/program files (x86)/atmel/studio/7.0/toolchain/avr8/avr8-gnu-toolchain/bin/../lib/gcc/avr/5.4.0/../../../../avr/lib/avr5\libm.a(fp_nan.o)
 .bss           0x00000000        0x0 c:/program files (x86)/atmel/studio/7.0/toolchain/avr8/avr8-gnu-toolchain/bin/../lib/gcc/avr/5.4.0/../../../../avr/lib/avr5\libm.a(fp_nan.o)
 .text.avr-libc.fplib
                0x00000000        0x6 c:/program files (x86)/atmel/studio/7.0/toolchain/avr8/avr8-gnu-toolchain/bin/../lib/gcc/avr/5.4.0/../../../../avr/lib/avr5\libm.a(fp_nan.o)
 .text          0x00000000        0x0 c:/program files (x86)/atmel/studio/7.0/toolchain/avr8/avr8-gnu-toolchain/bin/../lib/gcc/avr/5.4.0/../../../../avr/lib/avr5\libm.a(fp_pscA.o)
 .data          0x00000000        0x0 c:/program files (x86)/atmel/studio/7.0/toolchain/avr8/avr8-gnu-toolchain/bin/../lib/gcc/avr/5.4.0/../../../../avr/lib/avr5\libm.a(fp_pscA.o)
 .bss           0x00000000        0x0 c:/program files (x86)/atmel/studio/7.0/toolchain/avr8/avr8-gnu-toolchain/bin/../lib/gcc/avr/5.4.0/../../../../avr/lib/avr5\libm.a(fp_pscA.o)
 .text.avr-libc.fplib
                0x00000000        0xe c:/program files (x86)/atmel/studio/7.0/toolchain/avr8/avr8-gnu-toolchain/bin/../lib/gcc/avr/5.4.0/../../../../avr/lib/avr5\libm.a(fp_pscA.o)
 .text          0x00000000        0x0 c:/program files (x86)/atmel/studio/7.0/toolchain/avr8/avr8-gnu-toolchain/bin/../lib/gcc/avr/5.4.0/../../../../avr/lib/avr5\libm.a(fp_pscB.o)
 .data          0x00000000        0x0 c:/program files (x86)/atmel/studio/7.0/toolchain/avr8/avr8-gnu-toolchain/bin/../lib/gcc/avr/5.4.0/../../../../avr/lib/avr5\libm.a(fp_pscB.o)
 .bss           0x00000000        0x0 c:/program files (x86)/atmel/studio/7.0/toolchain/avr8/avr8-gnu-toolchain/bin/../lib/gcc/avr/5.4.0/../../../../avr/lib/avr5\libm.a(fp_pscB.o)
 .text.avr-libc.fplib
                0x00000000        0xe c:/program files (x86)/atmel/studio/7.0/toolchain/avr8/avr8-gnu-toolchain/bin/../lib/gcc/avr/5.4.0/../../../../avr/lib/avr5\libm.a(fp_pscB.o)
 .text          0x00000000        0x0 c:/program files (x86)/atmel/studio/7.0/toolchain/avr8/avr8-gnu-toolchain/bin/../lib/gcc/avr/5.4.0/../../../../avr/lib/avr5\libm.a(fp_round.o)
 .data          0x00000000        0x0 c:/program files (x86)/atmel/studio/7.0/toolchain/avr8/avr8-gnu-toolchain/bin/../lib/gcc/avr/5.4.0/../../../../avr/lib/avr5\libm.a(fp_round.o)
 .bss           0x00000000        0x0 c:/program files (x86)/atmel/studio/7.0/toolchain/avr8/avr8-gnu-toolchain/bin/../lib/gcc/avr/5.4.0/../../../../avr/lib/avr5\libm.a(fp_round.o)
 .text.avr-libc.fplib
                0x00000000       0x22 c:/program files (x86)/atmel/studio/7.0/toolchain/avr8/avr8-gnu-toolchain/bin/../lib/gcc/avr/5.4.0/../../../../avr/lib/avr5\libm.a(fp_round.o)
 .text          0x00000000        0x0 c:/program files (x86)/atmel/studio/7.0/toolchain/avr8/avr8-gnu-toolchain/bin/../lib/gcc/avr/5.4.0/avr5\libgcc.a(_exit.o)
 .data          0x00000000        0x0 c:/program files (x86)/atmel/studio/7.0/toolchain/avr8/avr8-gnu-toolchain/bin/../lib/gcc/avr/5.4.0/avr5\libgcc.a(_exit.o)
 .bss           0x00000000        0x0 c:/program files (x86)/atmel/studio/7.0/toolchain/avr8/avr8-gnu-toolchain/bin/../lib/gcc/avr/5.4.0/avr5\libgcc.a(_exit.o)
 .text.libgcc.mul
                0x00000000        0x0 c:/program files (x86)/atmel/studio/7.0/toolchain/avr8/avr8-gnu-toolchain/bin/../lib/gcc/avr/5.4.0/avr5\libgcc.a(_exit.o)
 .text.libgcc.div
                0x00000000        0x0 c:/program files (x86)/atmel/studio/7.0/toolchain/avr8/avr8-gnu-toolchain/bin/../lib/gcc/avr/5.4.0/avr5\libgcc.a(_exit.o)
 .text.libgcc   0x00000000        0x0 c:/program files (x86)/atmel/studio/7.0/toolchain/avr8/avr8-gnu-toolchain/bin/../lib/gcc/avr/5.4.0/avr5\libgcc.a(_exit.o)
 .text.libgcc.prologue
                0x00000000        0x0 c:/program files (x86)/atmel/studio/7.0/toolchain/avr8/avr8-gnu-toolchain/bin/../lib/gcc/avr/5.4.0/avr5\libgcc.a(_exit.o)
 .text.libgcc.builtins
                0x00000000        0x0 c:/program files (x86)/atmel/studio/7.0/toolchain/avr8/avr8-gnu-toolchain/bin/../lib/gcc/avr/5.4.0/avr5\libgcc.a(_exit.o)
 .text.libgcc.fmul
                0x00000000        0x0 c:/program files (x86)/atmel/studio/7.0/toolchain/avr8/avr8-gnu-toolchain/bin/../lib/gcc/avr/5.4.0/avr5\libgcc.a(_exit.o)
 .text.libgcc.fixed
                0x00000000        0x0 c:/program files (x86)/atmel/studio/7.0/toolchain/avr8/avr8-gnu-toolchain/bin/../lib/gcc/avr/5.4.0/avr5\libgcc.a(_exit.o)
 .text          0x00000000        0x0 c:/program files (x86)/atmel/studio/7.0/toolchain/avr8/avr8-gnu-toolchain/bin/../lib/gcc/avr/5.4.0/avr5\libgcc.a(_tablejump2.o)
 .data          0x00000000        0x0 c:/program files (x86)/atmel/studio/7.0/toolchain/avr8/avr8-gnu-toolchain/bin/../lib/gcc/avr/5.4.0/avr5\libgcc.a(_tablejump2.o)
 .bss           0x00000000        0x0 c:/program files (x86)/atmel/studio/7.0/toolchain/avr8/avr8-gnu-toolchain/bin/../lib/gcc/avr/5.4.0/avr5\libgcc.a(_tablejump2.o)
 .text.libgcc.mul
                0x00000000        0x0 c:/program files (x86)/atmel/studio/7.0/toolchain/avr8/avr8-gnu-toolchain/bin/../lib/gcc/avr/5.4.0/avr5\libgcc.a(_tablejump2.o)
 .text.libgcc.div
                0x00000000        0x0 c:/program files (x86)/atmel/studio/7.0/toolchain/avr8/avr8-gnu-toolchain/bin/../lib/gcc/avr/5.4.0/avr5\libgcc.a(_tablejump2.o)
 .text.libgcc.prologue
                0x00000000        0x0 c:/program files (x86)/atmel/studio/7.0/toolchain/avr8/avr8-gnu-toolchain/bin/../lib/gcc/avr/5.4.0/avr5\libgcc.a(_tablejump2.o)
 .text.libgcc.builtins
                0x00000000        0x0 c:/program files (x86)/atmel/studio/7.0/toolchain/avr8/avr8-gnu-toolchain/bin/../lib/gcc/avr/5.4.0/avr5\libgcc.a(_tablejump2.o)
 .text.libgcc.fmul
                0x00000000        0x0 c:/program files (x86)/atmel/studio/7.0/toolchain/avr8/avr8-gnu-toolchain/bin/../lib/gcc/avr/5.4.0/avr5\libgcc.a(_tablejump2.o)
 .text.libgcc.fixed
                0x00000000        0x0 c:/program files (x86)/atmel/studio/7.0/toolchain/avr8/avr8-gnu-toolchain/bin/../lib/gcc/avr/5.4.0/avr5\libgcc.a(_tablejump2.o)
 .text          0x00000000        0x0 c:/program files (x86)/atmel/studio/7.0/toolchain/avr8/avr8-gnu-toolchain/bin/../lib/gcc/avr/5.4.0/avr5\libgcc.a(_copy_data.o)
 .data          0x00000000        0x0 c:/program files (x86)/atmel/studio/7.0/toolchain/avr8/avr8-gnu-toolchain/bin/../lib/gcc/avr/5.4.0/avr5\libgcc.a(_copy_data.o)
 .bss           0x00000000        0x0 c:/program files (x86)/atmel/studio/7.0/toolchain/avr8/avr8-gnu-toolchain/bin/../lib/gcc/avr/5.4.0/avr5\libgcc.a(_copy_data.o)
 .text.libgcc.mul
                0x00000000        0x0 c:/program files (x86)/atmel/studio/7.0/toolchain/avr8/avr8-gnu-toolchain/bin/../lib/gcc/avr/5.4.0/avr5\libgcc.a(_copy_data.o)
 .text.libgcc.div
                0x00000000        0x0 c:/program files (x86)/atmel/studio/7.0/toolchain/avr8/avr8-gnu-toolchain/bin/../lib/gcc/avr/5.4.0/avr5\libgcc.a(_copy_data.o)
 .text.libgcc   0x00000000        0x0 c:/program files (x86)/atmel/studio/7.0/toolchain/avr8/avr8-gnu-toolchain/bin/../lib/gcc/avr/5.4.0/avr5\libgcc.a(_copy_data.o)
 .text.libgcc.prologue
                0x00000000        0x0 c:/program files (x86)/atmel/studio/7.0/toolchain/avr8/avr8-gnu-toolchain/bin/../lib/gcc/avr/5.4.0/avr5\libgcc.a(_copy_data.o)
 .text.libgcc.builtins
                0x00000000        0x0 c:/program files (x86)/atmel/studio/7.0/toolchain/avr8/avr8-gnu-toolchain/bin/../lib/gcc/avr/5.4.0/avr5\libgcc.a(_copy_data.o)
 .text.libgcc.fmul
                0x00000000        0x0 c:/program files (x86)/atmel/studio/7.0/toolchain/avr8/avr8-gnu-toolchain/bin/../lib/gcc/avr/5.4.0/avr5\libgcc.a(_copy_data.o)
 .text.libgcc.fixed
                0x00000000        0x0 c:/program files (x86)/atmel/studio/7.0/toolchain/avr8/avr8-gnu-toolchain/bin/../lib/gcc/avr/5.4.0/avr5\libgcc.a(_copy_data.o)
 .text          0x00000000        0x0 c:/program files (x86)/atmel/studio/7.0/toolchain/avr8/avr8-gnu-toolchain/bin/../lib/gcc/avr/5.4.0/avr5\libgcc.a(_clear_bss.o)
 .data          0x00000000        0x0 c:/program files (x86)/atmel/studio/7.0/toolchain/avr8/avr8-gnu-toolchain/bin/../lib/gcc/avr/5.4.0/avr5\libgcc.a(_clear_bss.o)
 .bss           0x00000000        0x0 c:/program files (x86)/atmel/studio/7.0/toolchain/avr8/avr8-gnu-toolchain/bin/../lib/gcc/avr/5.4.0/avr5\libgcc.a(_clear_bss.o)
 .text.libgcc.mul
                0x00000000        0x0 c:/program files (x86)/atmel/studio/7.0/toolchain/avr8/avr8-gnu-toolchain/bin/../lib/gcc/avr/5.4.0/avr5\libgcc.a(_clear_bss.o)
 .text.libgcc.div
                0x00000000        0x0 c:/program files (x86)/atmel/studio/7.0/toolchain/avr8/avr8-gnu-toolchain/bin/../lib/gcc/avr/5.4.0/avr5\libgcc.a(_clear_bss.o)
 .text.libgcc   0x00000000        0x0 c:/program files (x86)/atmel/studio/7.0/toolchain/avr8/avr8-gnu-toolchain/bin/../lib/gcc/avr/5.4.0/avr5\libgcc.a(_clear_bss.o)
 .text.libgcc.prologue
                0x00000000        0x0 c:/program files (x86)/atmel/studio/7.0/toolchain/avr8/avr8-gnu-toolchain/bin/../lib/gcc/avr/5.4.0/avr5\libgcc.a(_clear_bss.o)
 .text.libgcc.builtins
                0x00000000        0x0 c:/program files (x86)/atmel/studio/7.0/toolchain/avr8/avr8-gnu-toolchain/bin/../lib/gcc/avr/5.4.0/avr5\libgcc.a(_clear_bss.o)
 .text.libgcc.fmul
                0x00000000        0x0 c:/program files (x86)/atmel/studio/7.0/toolchain/avr8/avr8-gnu-toolchain/bin/../lib/gcc/avr/5.4.0/avr5\libgcc.a(_clear_bss.o)
 .text.libgcc.fixed
                0x00000000        0x0 c:/program files (x86)/atmel/studio/7.0/toolchain/avr8/avr8-gnu-toolchain/bin/../lib/gcc/avr/5.4.0/avr5\libgcc.a(_clear_bss.o)
 .text          0x00000000        0x0 c:/program files (x86)/atmel/studio/7.0/toolchain/avr8/avr8-gnu-toolchain/bin/../lib/gcc/avr/5.4.0/avr5\libgcc.a(_umulhisi3.o)
 .data          0x00000000        0x0 c:/program files (x86)/atmel/studio/7.0/toolchain/avr8/avr8-gnu-toolchain/bin/../lib/gcc/avr/5.4.0/avr5\libgcc.a(_umulhisi3.o)
 .bss           0x00000000        0x0 c:/program files (x86)/atmel/studio/7.0/toolchain/avr8/avr8-gnu-toolchain/bin/../lib/gcc/avr/5.4.0/avr5\libgcc.a(_umulhisi3.o)
 .text.libgcc.mul
                0x00000000       0x1e c:/program files (x86)/atmel/studio/7.0/toolchain/avr8/avr8-gnu-toolchain/bin/../lib/gcc/avr/5.4.0/avr5\libgcc.a(_umulhisi3.o)
 .text.libgcc.div
                0x00000000        0x0 c:/program files (x86)/atmel/studio/7.0/toolchain/avr8/avr8-gnu-toolchain/bin/../lib/gcc/avr/5.4.0/avr5\libgcc.a(_umulhisi3.o)
 .text.libgcc   0x00000000        0x0 c:/program files (x86)/atmel/studio/7.0/toolchain/avr8/avr8-gnu-toolchain/bin/../lib/gcc/avr/5.4.0/avr5\libgcc.a(_umulhisi3.o)
 .text.libgcc.prologue
                0x00000000        0x0 c:/program files (x86)/atmel/studio/7.0/toolchain/avr8/avr8-gnu-toolchain/bin/../lib/gcc/avr/5.4.0/avr5\libgcc.a(_umulhisi3.o)
 .text.libgcc.builtins
                0x00000000        0x0 c:/program files (x86)/atmel/studio/7.0/toolchain/avr8/avr8-gnu-toolchain/bin/../lib/gcc/avr/5.4.0/avr5\libgcc.a(_umulhisi3.o)
 .text.libgcc.fmul
                0x00000000        0x0 c:/program files (x86)/atmel/studio/7.0/toolchain/avr8/avr8-gnu-toolchain/bin/../lib/gcc/avr/5.4.0/avr5\libgcc.a(_umulhisi3.o)
 .text.libgcc.fixed
                0x00000000        0x0 c:/program files (x86)/atmel/studio/7.0/toolchain/avr8/avr8-gnu-toolchain/bin/../lib/gcc/avr/5.4.0/avr5\libgcc.a(_umulhisi3.o)
 .text          0x00000000        0x0 c:/program files (x86)/atmel/studio/7.0/toolchain/avr8/avr8-gnu-toolchain/bin/../lib/gcc/avr/5.4.0/avr5\libgcc.a(_muluhisi3.o)
 .data          0x00000000        0x0 c:/program files (x86)/atmel/studio/7.0/toolchain/avr8/avr8-gnu-toolchain/bin/../lib/gcc/avr/5.4.0/avr5\libgcc.a(_muluhisi3.o)
 .bss           0x00000000        0x0 c:/program files (x86)/atmel/studio/7.0/toolchain/avr8/avr8-gnu-toolchain/bin/../lib/gcc/avr/5.4.0/avr5\libgcc.a(_muluhisi3.o)
 .text.libgcc.mul
                0x00000000       0x16 c:/program files (x86)/atmel/studio/7.0/toolchain/avr8/avr8-gnu-toolchain/bin/../lib/gcc/avr/5.4.0/avr5\libgcc.a(_muluhisi3.o)
 .text.libgcc.div
                0x00000000        0x0 c:/program files (x86)/atmel/studio/7.0/toolchain/avr8/avr8-gnu-toolchain/bin/../lib/gcc/avr/5.4.0/avr5\libgcc.a(_muluhisi3.o)
 .text.libgcc   0x00000000        0x0 c:/program files (x86)/atmel/studio/7.0/toolchain/avr8/avr8-gnu-toolchain/bin/../lib/gcc/avr/5.4.0/avr5\libgcc.a(_muluhisi3.o)
 .text.libgcc.prologue
                0x00000000        0x0 c:/program files (x86)/atmel/studio/7.0/toolchain/avr8/avr8-gnu-toolchain/bin/../lib/gcc/avr/5.4.0/avr5\libgcc.a(_muluhisi3.o)
 .text.libgcc.builtins
                0x00000000        0x0 c:/program files (x86)/atmel/studio/7.0/toolchain/avr8/avr8-gnu-toolchain/bin/../lib/gcc/avr/5.4.0/avr5\libgcc.a(_muluhisi3.o)
 .text.libgcc.fmul
                0x00000000        0x0 c:/program files (x86)/atmel/studio/7.0/toolchain/avr8/avr8-gnu-toolchain/bin/../lib/gcc/avr/5.4.0/avr5\libgcc.a(_muluhisi3.o)
 .text.libgcc.fixed
                0x00000000        0x0 c:/program files (x86)/atmel/studio/7.0/toolchain/avr8/avr8-gnu-toolchain/bin/../lib/gcc/avr/5.4.0/avr5\libgcc.a(_muluhisi3.o)
 .text          0x00000000        0x0 c:/program files (x86)/atmel/studio/7.0/toolchain/avr8/avr8-gnu-toolchain/bin/../lib/gcc/avr/5.4.0/avr5\libgcc.a(_divdi3.o)
 .data          0x00000000        0x0 c:/program files (x86)/atmel/studio/7.0/toolchain/avr8/avr8-gnu-toolchain/bin/../lib/gcc/avr/5.4.0/avr5\libgcc.a(_divdi3.o)
 .bss           0x00000000        0x0 c:/program files (x86)/atmel/studio/7.0/toolchain/avr8/avr8-gnu-toolchain/bin/../lib/gcc/avr/5.4.0/avr5\libgcc.a(_divdi3.o)
 .text.libgcc.mul
                0x00000000        0x0 c:/program files (x86)/atmel/studio/7.0/toolchain/avr8/avr8-gnu-toolchain/bin/../lib/gcc/avr/5.4.0/avr5\libgcc.a(_divdi3.o)
 .text.libgcc.div
                0x00000000       0x62 c:/program files (x86)/atmel/studio/7.0/toolchain/avr8/avr8-gnu-toolchain/bin/../lib/gcc/avr/5.4.0/avr5\libgcc.a(_divdi3.o)
 .text.libgcc   0x00000000        0x0 c:/program files (x86)/atmel/studio/7.0/toolchain/avr8/avr8-gnu-toolchain/bin/../lib/gcc/avr/5.4.0/avr5\libgcc.a(_divdi3.o)
 .text.libgcc.prologue
                0x00000000        0x0 c:/program files (x86)/atmel/studio/7.0/toolchain/avr8/avr8-gnu-toolchain/bin/../lib/gcc/avr/5.4.0/avr5\libgcc.a(_divdi3.o)
 .text.libgcc.builtins
                0x00000000        0x0 c:/program files (x86)/atmel/studio/7.0/toolchain/avr8/avr8-gnu-toolchain/bin/../lib/gcc/avr/5.4.0/avr5\libgcc.a(_divdi3.o)
 .text.libgcc.fmul
                0x00000000        0x0 c:/program files (x86)/atmel/studio/7.0/toolchain/avr8/avr8-gnu-toolchain/bin/../lib/gcc/avr/5.4.0/avr5\libgcc.a(_divdi3.o)
 .text.libgcc.fixed
                0x00000000        0x0 c:/program files (x86)/atmel/studio/7.0/toolchain/avr8/avr8-gnu-toolchain/bin/../lib/gcc/avr/5.4.0/avr5\libgcc.a(_divdi3.o)
 .text          0x00000000        0x0 c:/program files (x86)/atmel/studio/7.0/toolchain/avr8/avr8-gnu-toolchain/bin/../lib/gcc/avr/5.4.0/avr5\libgcc.a(_udivdi3.o)
 .data          0x00000000        0x0 c:/program files (x86)/atmel/studio/7.0/toolchain/avr8/avr8-gnu-toolchain/bin/../lib/gcc/avr/5.4.0/avr5\libgcc.a(_udivdi3.o)
 .bss           0x00000000        0x0 c:/program files (x86)/atmel/studio/7.0/toolchain/avr8/avr8-gnu-toolchain/bin/../lib/gcc/avr/5.4.0/avr5\libgcc.a(_udivdi3.o)
 .text.libgcc.mul
                0x00000000        0x0 c:/program files (x86)/atmel/studio/7.0/toolchain/avr8/avr8-gnu-toolchain/bin/../lib/gcc/avr/5.4.0/avr5\libgcc.a(_udivdi3.o)
 .text.libgcc.div
                0x00000000       0x1c c:/program files (x86)/atmel/studio/7.0/toolchain/avr8/avr8-gnu-toolchain/bin/../lib/gcc/avr/5.4.0/avr5\libgcc.a(_udivdi3.o)
 .text.libgcc   0x00000000        0x0 c:/program files (x86)/atmel/studio/7.0/toolchain/avr8/avr8-gnu-toolchain/bin/../lib/gcc/avr/5.4.0/avr5\libgcc.a(_udivdi3.o)
 .text.libgcc.prologue
                0x00000000        0x0 c:/program files (x86)/atmel/studio/7.0/toolchain/avr8/avr8-gnu-toolchain/bin/../lib/gcc/avr/5.4.0/avr5\libgcc.a(_udivdi3.o)
 .text.libgcc.builtins
                0x00000000        0x0 c:/program files (x86)/atmel/studio/7.0/toolchain/avr8/avr8-gnu-toolchain/bin/../lib/gcc/avr/5.4.0/avr5\libgcc.a(_udivdi3.o)
 .text.libgcc.fmul
                0x00000000        0x0 c:/program files (x86)/atmel/studio/7.0/toolchain/avr8/avr8-gnu-toolchain/bin/../lib/gcc/avr/5.4.0/avr5\libgcc.a(_udivdi3.o)
 .text.libgcc.fixed
                0x00000000        0x0 c:/program files (x86)/atmel/studio/7.0/toolchain/avr8/avr8-gnu-toolchain/bin/../lib/gcc/avr/5.4.0/avr5\libgcc.a(_udivdi3.o)
 .text          0x00000000        0x0 c:/program files (x86)/atmel/studio/7.0/toolchain/avr8/avr8-gnu-toolchain/bin/../lib/gcc/avr/5.4.0/avr5\libgcc.a(_udivmod64.o)
 .data          0x00000000        0x0 c:/program files (x86)/atmel/studio/7.0/toolchain/avr8/avr8-gnu-toolchain/bin/../lib/gcc/avr/5.4.0/avr5\libgcc.a(_udivmod64.o)
 .bss           0x00000000        0x0 c:/program files (x86)/atmel/studio/7.0/toolchain/avr8/avr8-gnu-toolchain/bin/../lib/gcc/avr/5.4.0/avr5\libgcc.a(_udivmod64.o)
 .text.libgcc.mul
                0x00000000        0x0 c:/program files (x86)/atmel/studio/7.0/toolchain/avr8/avr8-gnu-toolchain/bin/../lib/gcc/avr/5.4.0/avr5\libgcc.a(_udivmod64.o)
 .text.libgcc.div
                0x00000000       0xa2 c:/program files (x86)/atmel/studio/7.0/toolchain/avr8/avr8-gnu-toolchain/bin/../lib/gcc/avr/5.4.0/avr5\libgcc.a(_udivmod64.o)
 .text.libgcc   0x00000000        0x0 c:/program files (x86)/atmel/studio/7.0/toolchain/avr8/avr8-gnu-toolchain/bin/../lib/gcc/avr/5.4.0/avr5\libgcc.a(_udivmod64.o)
 .text.libgcc.prologue
                0x00000000        0x0 c:/program files (x86)/atmel/studio/7.0/toolchain/avr8/avr8-gnu-toolchain/bin/../lib/gcc/avr/5.4.0/avr5\libgcc.a(_udivmod64.o)
 .text.libgcc.builtins
                0x00000000        0x0 c:/program files (x86)/atmel/studio/7.0/toolchain/avr8/avr8-gnu-toolchain/bin/../lib/gcc/avr/5.4.0/avr5\libgcc.a(_udivmod64.o)
 .text.libgcc.fmul
                0x00000000        0x0 c:/program files (x86)/atmel/studio/7.0/toolchain/avr8/avr8-gnu-toolchain/bin/../lib/gcc/avr/5.4.0/avr5\libgcc.a(_udivmod64.o)
 .text.libgcc.fixed
                0x00000000        0x0 c:/program files (x86)/atmel/studio/7.0/toolchain/avr8/avr8-gnu-toolchain/bin/../lib/gcc/avr/5.4.0/avr5\libgcc.a(_udivmod64.o)
 .text          0x00000000        0x0 c:/program files (x86)/atmel/studio/7.0/toolchain/avr8/avr8-gnu-toolchain/bin/../lib/gcc/avr/5.4.0/avr5\libgcc.a(_negdi2.o)
 .data          0x00000000        0x0 c:/program files (x86)/atmel/studio/7.0/toolchain/avr8/avr8-gnu-toolchain/bin/../lib/gcc/avr/5.4.0/avr5\libgcc.a(_negdi2.o)
 .bss           0x00000000        0x0 c:/program files (x86)/atmel/studio/7.0/toolchain/avr8/avr8-gnu-toolchain/bin/../lib/gcc/avr/5.4.0/avr5\libgcc.a(_negdi2.o)
 .text.libgcc.mul
                0x00000000        0x0 c:/program files (x86)/atmel/studio/7.0/toolchain/avr8/avr8-gnu-toolchain/bin/../lib/gcc/avr/5.4.0/avr5\libgcc.a(_negdi2.o)
 .text.libgcc.div
                0x00000000        0x0 c:/program files (x86)/atmel/studio/7.0/toolchain/avr8/avr8-gnu-toolchain/bin/../lib/gcc/avr/5.4.0/avr5\libgcc.a(_negdi2.o)
 .text.libgcc   0x00000000       0x20 c:/program files (x86)/atmel/studio/7.0/toolchain/avr8/avr8-gnu-toolchain/bin/../lib/gcc/avr/5.4.0/avr5\libgcc.a(_negdi2.o)
 .text.libgcc.prologue
                0x00000000        0x0 c:/program files (x86)/atmel/studio/7.0/toolchain/avr8/avr8-gnu-toolchain/bin/../lib/gcc/avr/5.4.0/avr5\libgcc.a(_negdi2.o)
 .text.libgcc.builtins
                0x00000000        0x0 c:/program files (x86)/atmel/studio/7.0/toolchain/avr8/avr8-gnu-toolchain/bin/../lib/gcc/avr/5.4.0/avr5\libgcc.a(_negdi2.o)
 .text.libgcc.fmul
                0x00000000        0x0 c:/program files (x86)/atmel/studio/7.0/toolchain/avr8/avr8-gnu-toolchain/bin/../lib/gcc/avr/5.4.0/avr5\libgcc.a(_negdi2.o)
 .text.libgcc.fixed
                0x00000000        0x0 c:/program files (x86)/atmel/studio/7.0/toolchain/avr8/avr8-gnu-toolchain/bin/../lib/gcc/avr/5.4.0/avr5\libgcc.a(_negdi2.o)
 .text          0x00000000        0x0 c:/program files (x86)/atmel/studio/7.0/toolchain/avr8/avr8-gnu-toolchain/bin/../lib/gcc/avr/5.4.0/avr5\libgcc.a(_prologue.o)
 .data          0x00000000        0x0 c:/program files (x86)/atmel/studio/7.0/toolchain/avr8/avr8-gnu-toolchain/bin/../lib/gcc/avr/5.4.0/avr5\libgcc.a(_prologue.o)
 .bss           0x00000000        0x0 c:/program files (x86)/atmel/studio/7.0/toolchain/avr8/avr8-gnu-toolchain/bin/../lib/gcc/avr/5.4.0/avr5\libgcc.a(_prologue.o)
 .text.libgcc.mul
                0x00000000        0x0 c:/program files (x86)/atmel/studio/7.0/toolchain/avr8/avr8-gnu-toolchain/bin/../lib/gcc/avr/5.4.0/avr5\libgcc.a(_prologue.o)
 .text.libgcc.div
                0x00000000        0x0 c:/program files (x86)/atmel/studio/7.0/toolchain/avr8/avr8-gnu-toolchain/bin/../lib/gcc/avr/5.4.0/avr5\libgcc.a(_prologue.o)
 .text.libgcc   0x00000000        0x0 c:/program files (x86)/atmel/studio/7.0/toolchain/avr8/avr8-gnu-toolchain/bin/../lib/gcc/avr/5.4.0/avr5\libgcc.a(_prologue.o)
 .text.libgcc.prologue
                0x00000000       0x38 c:/program files (x86)/atmel/studio/7.0/toolchain/avr8/avr8-gnu-toolchain/bin/../lib/gcc/avr/5.4.0/avr5\libgcc.a(_prologue.o)
 .text.libgcc.builtins
                0x00000000        0x0 c:/program files (x86)/atmel/studio/7.0/toolchain/avr8/avr8-gnu-toolchain/bin/../lib/gcc/avr/5.4.0/avr5\libgcc.a(_prologue.o)
 .text.libgcc.fmul
                0x00000000        0x0 c:/program files (x86)/atmel/studio/7.0/toolchain/avr8/avr8-gnu-toolchain/bin/../lib/gcc/avr/5.4.0/avr5\libgcc.a(_prologue.o)
 .text.libgcc.fixed
                0x00000000        0x0 c:/program files (x86)/atmel/studio/7.0/toolchain/avr8/avr8-gnu-toolchain/bin/../lib/gcc/avr/5.4.0/avr5\libgcc.a(_prologue.o)
 .text          0x00000000        0x0 c:/program files (x86)/atmel/studio/7.0/toolchain/avr8/avr8-gnu-toolchain/bin/../lib/gcc/avr/5.4.0/avr5\libgcc.a(_epilogue.o)
 .data          0x00000000        0x0 c:/program files (x86)/atmel/studio/7.0/toolchain/avr8/avr8-gnu-toolchain/bin/../lib/gcc/avr/5.4.0/avr5\libgcc.a(_epilogue.o)
 .bss           0x00000000        0x0 c:/program files (x86)/atmel/studio/7.0/toolchain/avr8/avr8-gnu-toolchain/bin/../lib/gcc/avr/5.4.0/avr5\libgcc.a(_epilogue.o)
 .text.libgcc.mul
                0x00000000        0x0 c:/program files (x86)/atmel/studio/7.0/toolchain/avr8/avr8-gnu-toolchain/bin/../lib/gcc/avr/5.4.0/avr5\libgcc.a(_epilogue.o)
 .text.libgcc.div
                0x00000000        0x0 c:/program files (x86)/atmel/studio/7.0/toolchain/avr8/avr8-gnu-toolchain/bin/../lib/gcc/avr/5.4.0/avr5\libgcc.a(_epilogue.o)
 .text.libgcc   0x00000000        0x0 c:/program files (x86)/atmel/studio/7.0/toolchain/avr8/avr8-gnu-toolchain/bin/../lib/gcc/avr/5.4.0/avr5\libgcc.a(_epilogue.o)
 .text.libgcc.prologue
                0x00000000       0x36 c:/program files (x86)/atmel/studio/7.0/toolchain/avr8/avr8-gnu-toolchain/bin/../lib/gcc/avr/5.4.0/avr5\libgcc.a(_epilogue.o)
 .text.libgcc.builtins
                0x00000000        0x0 c:/program files (x86)/atmel/studio/7.0/toolchain/avr8/avr8-gnu-toolchain/bin/../lib/gcc/avr/5.4.0/avr5\libgcc.a(_epilogue.o)
 .text.libgcc.fmul
                0x00000000        0x0 c:/program files (x86)/atmel/studio/7.0/toolchain/avr8/avr8-gnu-toolchain/bin/../lib/gcc/avr/5.4.0/avr5\libgcc.a(_epilogue.o)
 .text.libgcc.fixed
                0x00000000        0x0 c:/program files (x86)/atmel/studio/7.0/toolchain/avr8/avr8-gnu-toolchain/bin/../lib/gcc/avr/5.4.0/avr5\libgcc.a(_epilogue.o)
 .text          0x00000000        0x0 c:/program files (x86)/atmel/studio/7.0/toolchain/avr8/avr8-gnu-toolchain/bin/../lib/gcc/avr/5.4.0/avr5\libgcc.a(_cmpdi2_s8.o)
 .data          0x00000000        0x0 c:/program files (x86)/atmel/studio/7.0/toolchain/avr8/avr8-gnu-toolchain/bin/../lib/gcc/avr/5.4.0/avr5\libgcc.a(_cmpdi2_s8.o)
 .bss           0x00000000        0x0 c:/program files (x86)/atmel/studio/7.0/toolchain/avr8/avr8-gnu-toolchain/bin/../lib/gcc/avr/5.4.0/avr5\libgcc.a(_cmpdi2_s8.o)
 .text.libgcc.mul
                0x00000000        0x0 c:/program files (x86)/atmel/studio/7.0/toolchain/avr8/avr8-gnu-toolchain/bin/../lib/gcc/avr/5.4.0/avr5\libgcc.a(_cmpdi2_s8.o)
 .text.libgcc.div
                0x00000000        0x0 c:/program files (x86)/atmel/studio/7.0/toolchain/avr8/avr8-gnu-toolchain/bin/../lib/gcc/avr/5.4.0/avr5\libgcc.a(_cmpdi2_s8.o)
 .text.libgcc   0x00000000       0x18 c:/program files (x86)/atmel/studio/7.0/toolchain/avr8/avr8-gnu-toolchain/bin/../lib/gcc/avr/5.4.0/avr5\libgcc.a(_cmpdi2_s8.o)
 .text.libgcc.prologue
                0x00000000        0x0 c:/program files (x86)/atmel/studio/7.0/toolchain/avr8/avr8-gnu-toolchain/bin/../lib/gcc/avr/5.4.0/avr5\libgcc.a(_cmpdi2_s8.o)
 .text.libgcc.builtins
                0x00000000        0x0 c:/program files (x86)/atmel/studio/7.0/toolchain/avr8/avr8-gnu-toolchain/bin/../lib/gcc/avr/5.4.0/avr5\libgcc.a(_cmpdi2_s8.o)
 .text.libgcc.fmul
                0x00000000        0x0 c:/program files (x86)/atmel/studio/7.0/toolchain/avr8/avr8-gnu-toolchain/bin/../lib/gcc/avr/5.4.0/avr5\libgcc.a(_cmpdi2_s8.o)
 .text.libgcc.fixed
                0x00000000        0x0 c:/program files (x86)/atmel/studio/7.0/toolchain/avr8/avr8-gnu-toolchain/bin/../lib/gcc/avr/5.4.0/avr5\libgcc.a(_cmpdi2_s8.o)

Memory Configuration

Name             Origin             Length             Attributes
text             0x00000000         0x00008000         xr
data             0x00800060         0x00000800         rw !x
eeprom           0x00810000         0x00000400         rw !x
fuse             0x00820000         0x00000002         rw !x
lock             0x00830000         0x00000400         rw !x
signature        0x00840000         0x00000400         rw !x
user_signatures  0x00850000         0x00000400         rw !x
*default*        0x00000000         0xffffffff

Linker script and memory map

LOAD C:/Program Files (x86)/Atmel/Studio/7.0/Packs/atmel/ATmega_DFP/1.7.374/gcc/dev/atmega32/avr5/crtatmega32.o
LOAD APP/main.o
LOAD HAL/BUZZER/BUZZER_program.o
LOAD HAL/EEPROM/EEPROM_program.o
LOAD HAL/KEYPAD/KEYPAD_program.o
LOAD HAL/LCD/LCD_program.o
LOAD HAL/LED/LED_program.o
LOAD HAL/RELAY/RELAY_program.o
LOAD HAL/SSD/SSD_program.o
LOAD HAL/ULTRASONIC/ULTRASONIC_program.o
LOAD MCAL/DIO/DIO_program.o
LOAD MCAL/EXT_INTERRUPT/EXTI_program.o
LOAD MCAL/GIE/GIE_program.o
LOAD MCAL/TIMER_0/TIMER0_program.o
LOAD MCAL/TIMER_1/TIMER1_program.o
LOAD MCAL/TWI/TWI_program.o
LOAD MCAL/UART/UART_program.o
LOAD SERVICES/UART_SERVICES/UartServices.o
START GROUP
LOAD c:/program files (x86)/atmel/studio/7.0/toolchain/avr8/avr8-gnu-toolchain/bin/../lib/gcc/avr/5.4.0/../../../../avr/lib/avr5\libm.a
END GROUP
START GROUP
LOAD c:/program files (x86)/atmel/studio/7.0/toolchain/avr8/avr8-gnu-toolchain/bin/../lib/gcc/avr/5.4.0/avr5\libgcc.a
LOAD c:/program files (x86)/atmel/studio/7.0/toolchain/avr8/avr8-gnu-toolchain/bin/../lib/gcc/avr/5.4.0/../../../../avr/lib/avr5\libm.a
LOAD c:/program files (x86)/atmel/studio/7.0/toolchain/avr8/avr8-gnu-toolchain/bin/../lib/gcc/avr/5.4.0/../../../../avr/lib/avr5\libc.a
LOAD C:/Program Files (x86)/Atmel/Studio/7.0/Packs/atmel/ATmega_DFP/1.7.374/gcc/dev/atmega32/avr5\libatmega32.a
END GROUP
                0x00000000                __TEXT_REGION_ORIGIN__ = DEFINED (__TEXT_REGION_ORIGIN__)?__TEXT_REGION_ORIGIN__:0x0
                [0x00800060]                __DATA_REGION_ORIGIN__ = DEFINED (__DATA_REGION_ORIGIN__)?__DATA_REGION_ORIGIN__:0x800060
                [0x00008000]                __TEXT_REGION_LENGTH__ = DEFINED (__TEXT_REGION_LENGTH__)?__TEXT_REGION_LENGTH__:0x20000
                [0x00000800]                __DATA_REGION_LENGTH__ = DEFINED (__DATA_REGION_LENGTH__)?__DATA_REGION_LENGTH__:0xffa0
                [0x00000400]                __EEPROM_REGION_LENGTH__ = DEFINED (__EEPROM_REGION_LENGTH__)?__EEPROM_REGION_LENGTH__:0x10000
                [0x00000002]                __FUSE_REGION_LENGTH__ = DEFINED (__FUSE_REGION_LENGTH__)?__FUSE_REGION_LENGTH__:0x400
                0x00000400                __LOCK_REGION_LENGTH__ = DEFINED (__LOCK_REGION_LENGTH__)?__LOCK_REGION_LENGTH__:0x400
                0x00000400                __SIGNATURE_REGION_LENGTH__ = DEFINED (__SIGNATURE_REGION_LENGTH__)?__SIGNATURE_REGION_LENGTH__:0x400
                0x00000400                __USER_SIGNATURE_REGION_LENGTH__ = DEFINED (__USER_SIGNATURE_REGION_LENGTH__)?__USER_SIGNATURE_REGION_LENGTH__:0x400

.hash
 *(.hash)

.dynsym
 *(.dynsym)

.dynstr
 *(.dynstr)

.gnu.version
 *(.gnu.version)

.gnu.version_d
 *(.gnu.version_d)

.gnu.version_r
 *(.gnu.version_r)

.rel.init
 *(.rel.init)

.rela.init
 *(.rela.init)

.rel.text
 *(.rel.text)
 *(.rel.text.*)
 *(.rel.gnu.linkonce.t*)

.rela.text
 *(.rela.text)
 *(.rela.text.*)
 *(.rela.gnu.linkonce.t*)

.rel.fini
 *(.rel.fini)

.rela.fini
 *(.rela.fini)

.rel.rodata
 *(.rel.rodata)
 *(.rel.rodata.*)
 *(.rel.gnu.linkonce.r*)

.rela.rodata
 *(.rela.rodata)
 *(.rela.rodata.*)
 *(.rela.gnu.linkonce.r*)

.rel.data
 *(.rel.data)
 *(.rel.data.*)
 *(.rel.gnu.linkonce.d*)

.rela.data
 *(.rela.data)
 *(.rela.data.*)
 *(.rela.gnu.linkonce.d*)

.rel.ctors
 *(.rel.ctors)

.rela.ctors
 *(.rela.ctors)

.rel.dtors
 *(.rel.dtors)

.rela.dtors
 *(.rela.dtors)

.rel.got
 *(.rel.got)

.rela.got
 *(.rela.got)

.rel.bss
 *(.rel.bss)

.rela.bss
 *(.rela.bss)

.rel.plt
 *(.rel.plt)

.rela.plt
 *(.rela.plt)

.text           0x00000000     0x1c9c
 *(.vectors)
 .vectors       0x00000000       0x54 C:/Program Files (x86)/Atmel/Studio/7.0/Packs/atmel/ATmega_DFP/1.7.374/gcc/dev/atmega32/avr5/crtatmega32.o
                0x00000000                __vector_default
                0x00000000                __vectors
 *(.vectors)
 *(.progmem.gcc*)
 .progmem.gcc_sw_table.main
                0x00000054       0x14 APP/main.o
                0x00000068                . = ALIGN (0x2)
                0x00000068                __trampolines_start = .
 *(.trampolines)
 .trampolines   0x00000068        0x0 linker stubs
 *(.trampolines*)
                0x00000068                __trampolines_end = .
 *libprintf_flt.a:*(.progmem.data)
 *libc.a:*(.progmem.data)
 *(.progmem*)
                0x00000068                . = ALIGN (0x2)
 *(.jumptables)
 *(.jumptables*)
 *(.lowtext)
 *(.lowtext*)
                0x00000068                __ctors_start = .
 *(.ctors)
                0x00000068                __ctors_end = .
                0x00000068                __dtors_start = .
 *(.dtors)
                0x00000068                __dtors_end = .
 SORT(*)(.ctors)
 SORT(*)(.dtors)
 *(.init0)
 .init0         0x00000068        0x0 C:/Program Files (x86)/Atmel/Studio/7.0/Packs/atmel/ATmega_DFP/1.7.374/gcc/dev/atmega32/avr5/crtatmega32.o
                0x00000068                __init
 *(.init0)
 *(.init1)
 *(.init1)
 *(.init2)
 .init2         0x00000068        0xc C:/Program Files (x86)/Atmel/Studio/7.0/Packs/atmel/ATmega_DFP/1.7.374/gcc/dev/atmega32/avr5/crtatmega32.o
 *(.init2)
 *(.init3)
 *(.init3)
 *(.init4)
 .init4         0x00000074       0x16 c:/program files (x86)/atmel/studio/7.0/toolchain/avr8/avr8-gnu-toolchain/bin/../lib/gcc/avr/5.4.0/avr5\libgcc.a(_copy_data.o)
                0x00000074                __do_copy_data
 .init4         0x0000008a       0x10 c:/program files (x86)/atmel/studio/7.0/toolchain/avr8/avr8-gnu-toolchain/bin/../lib/gcc/avr/5.4.0/avr5\libgcc.a(_clear_bss.o)
                0x0000008a                __do_clear_bss
 *(.init4)
 *(.init5)
 *(.init5)
 *(.init6)
 *(.init6)
 *(.init7)
 *(.init7)
 *(.init8)
 *(.init8)
 *(.init9)
 .init9         0x0000009a        0x8 C:/Program Files (x86)/Atmel/Studio/7.0/Packs/atmel/ATmega_DFP/1.7.374/gcc/dev/atmega32/avr5/crtatmega32.o
 *(.init9)
 *(.text)
 .text          0x000000a2        0x4 C:/Program Files (x86)/Atmel/Studio/7.0/Packs/atmel/ATmega_DFP/1.7.374/gcc/dev/atmega32/avr5/crtatmega32.o
                0x000000a2                __vector_12
                0x000000a2                __bad_interrupt
                0x000000a2                __vector_17
                0x000000a2                __vector_19
                0x000000a2                __vector_5
                0x000000a2                __vector_4
                0x000000a2                __vector_14
                0x000000a2                __vector_16
                0x000000a2                __vector_18
                0x000000a2                __vector_20
                0x000000a6                . = ALIGN (0x2)
 *(.text.*)
 .text.Reset_voidFunc
                0x000000a6        0x8 APP/main.o
                0x000000a6                Reset_voidFunc
 .text.ui8ComparePass
                0x000000ae       0x2c APP/main.o
                0x000000ae                ui8ComparePass
 .text.u8GetKeyPressed
                0x000000da       0x6a APP/main.o
                0x000000da                u8GetKeyPressed
 .text.vMenuOption
                0x00000144      0x176 APP/main.o
                0x00000144                vMenuOption
 .text.main     0x000002ba      0xb08 APP/main.o
                0x000002ba                main
 .text.H_BUZZER_voidInit
                0x00000dc2        0xa HAL/BUZZER/BUZZER_program.o
                0x00000dc2                H_BUZZER_voidInit
 .text.H_BUZZER_voidTurnOn
                0x00000dcc        0xa HAL/BUZZER/BUZZER_program.o
                0x00000dcc                H_BUZZER_voidTurnOn
 .text.H_BUZZER_voidTurnOff
                0x00000dd6        0xa HAL/BUZZER/BUZZER_program.o
                0x00000dd6                H_BUZZER_voidTurnOff
 .text.H_EEPROM_voidInit
                0x00000de0        0x6 HAL/EEPROM/EEPROM_program.o
                0x00000de0                H_EEPROM_voidInit
 .text.H_EEPROM_u8Write_Byte
                0x00000de6       0x62 HAL/EEPROM/EEPROM_program.o
                0x00000de6                H_EEPROM_u8Write_Byte
 .text.H_EEPROM_u8Read_Byte
                0x00000e48       0x94 HAL/EEPROM/EEPROM_program.o
                0x00000e48                H_EEPROM_u8Read_Byte
 .text.H_KEYPAD_voidInit
                0x00000edc       0x5e HAL/KEYPAD/KEYPAD_program.o
                0x00000edc                H_KEYPAD_voidInit
 .text.H_KEYPAD_u8_getPressedKey
                0x00000f3a       0x9c HAL/KEYPAD/KEYPAD_program.o
                0x00000f3a                H_KEYPAD_u8_getPressedKey
 .text.H_LCD_voidSendCommand
                0x00000fd6       0xb4 HAL/LCD/LCD_program.o
                0x00000fd6                H_LCD_voidSendCommand
 .text.H_LCD_voidSendData
                0x0000108a       0xb4 HAL/LCD/LCD_program.o
                0x0000108a                H_LCD_voidSendData
 .text.H_LCD_voidInit
                0x0000113e       0x6e HAL/LCD/LCD_program.o
                0x0000113e                H_LCD_voidInit
 .text.H_LCD_voidSendChar
                0x000011ac        0x6 HAL/LCD/LCD_program.o
                0x000011ac                H_LCD_voidSendChar
 .text.H_LCD_voidSendString
                0x000011b2       0x2a HAL/LCD/LCD_program.o
                0x000011b2                H_LCD_voidSendString
 .text.H_LCD_voidSetPosition
                0x000011dc       0x1c HAL/LCD/LCD_program.o
                0x000011dc                H_LCD_voidSetPosition
 .text.H_LCD_voidClearDisplay
                0x000011f8       0x14 HAL/LCD/LCD_program.o
                0x000011f8                H_LCD_voidClearDisplay
 .text.H_LED_voidInit
                0x0000120c        0x8 HAL/LED/LED_program.o
                0x0000120c                H_LED_voidInit
 .text.H_LED_voidTurnOn
                0x00001214        0x8 HAL/LED/LED_program.o
                0x00001214                H_LED_voidTurnOn
 .text.H_LED_voidTurnOff
                0x0000121c        0x8 HAL/LED/LED_program.o
                0x0000121c                H_LED_voidTurnOff
 .text.H_SSD_voidInit
                0x00001224       0x42 HAL/SSD/SSD_program.o
                0x00001224                H_SSD_voidInit
 .text.H_SSD_voidDisplayNumForAtime
                0x00001266       0xfa HAL/SSD/SSD_program.o
                0x00001266                H_SSD_voidDisplayNumForAtime
 .text.M_DIO_voidSetPinDirection
                0x00001360      0x10e MCAL/DIO/DIO_program.o
                0x00001360                M_DIO_voidSetPinDirection
 .text.M_DIO_voidSetPinValue
                0x0000146e      0x10e MCAL/DIO/DIO_program.o
                0x0000146e                M_DIO_voidSetPinValue
 .text.M_DIO_u8GetPinValue
                0x0000157c       0x70 MCAL/DIO/DIO_program.o
                0x0000157c                M_DIO_u8GetPinValue
 .text.M_EXT_voidInit
                0x000015ec       0xbe MCAL/EXT_INTERRUPT/EXTI_program.o
                0x000015ec                M_EXT_voidInit
 .text.M_EXTI_voidEXTIEnable
                0x000016aa       0x24 MCAL/EXT_INTERRUPT/EXTI_program.o
                0x000016aa                M_EXTI_voidEXTIEnable
 .text.M_EXTI_voidSetCallBack
                0x000016ce       0x30 MCAL/EXT_INTERRUPT/EXTI_program.o
                0x000016ce                M_EXTI_voidSetCallBack
 .text.__vector_1
                0x000016fe       0x52 MCAL/EXT_INTERRUPT/EXTI_program.o
                0x000016fe                __vector_1
 .text.__vector_2
                0x00001750       0x52 MCAL/EXT_INTERRUPT/EXTI_program.o
                0x00001750                __vector_2
 .text.__vector_3
                0x000017a2       0x52 MCAL/EXT_INTERRUPT/EXTI_program.o
                0x000017a2                __vector_3
 .text.M_Global_Interrupt_Enable
                0x000017f4        0x8 MCAL/GIE/GIE_program.o
                0x000017f4                M_Global_Interrupt_Enable
 .text.M_Timer0_Init
                0x000017fc       0x1a MCAL/TIMER_0/TIMER0_program.o
                0x000017fc                M_Timer0_Init
 .text.M_Timer0_start
                0x00001816       0x10 MCAL/TIMER_0/TIMER0_program.o
                0x00001816                M_Timer0_start
 .text.M_Timer0_stop
                0x00001826        0xa MCAL/TIMER_0/TIMER0_program.o
                0x00001826                M_Timer0_stop
 .text.M_TIMER0_EnableInt
                0x00001830       0x22 MCAL/TIMER_0/TIMER0_program.o
                0x00001830                M_TIMER0_EnableInt
 .text.__vector_11
                0x00001852       0xd2 MCAL/TIMER_0/TIMER0_program.o
                0x00001852                __vector_11
 .text.__vector_10
                0x00001924       0xb8 MCAL/TIMER_0/TIMER0_program.o
                0x00001924                __vector_10
 .text.__vector_9
                0x000019dc       0x52 MCAL/TIMER_1/TIMER1_program.o
                0x000019dc                __vector_9
 .text.__vector_7
                0x00001a2e       0x52 MCAL/TIMER_1/TIMER1_program.o
                0x00001a2e                __vector_7
 .text.__vector_8
                0x00001a80       0x52 MCAL/TIMER_1/TIMER1_program.o
                0x00001a80                __vector_8
 .text.__vector_6
                0x00001ad2       0x52 MCAL/TIMER_1/TIMER1_program.o
                0x00001ad2                __vector_6
 .text.M_TWI_voidInit
                0x00001b24       0x18 MCAL/TWI/TWI_program.o
                0x00001b24                M_TWI_voidInit
 .text.M_TWI_voidSendStart
                0x00001b3c        0xc MCAL/TWI/TWI_program.o
                0x00001b3c                M_TWI_voidSendStart
 .text.M_TWI_voidSendStop
                0x00001b48        0x6 MCAL/TWI/TWI_program.o
                0x00001b48                M_TWI_voidSendStop
 .text.M_TWI_voidSendByte
                0x00001b4e        0xe MCAL/TWI/TWI_program.o
                0x00001b4e                M_TWI_voidSendByte
 .text.M_TWI_voidRecieveByte_NoAck
                0x00001b5c       0x18 MCAL/TWI/TWI_program.o
                0x00001b5c                M_TWI_voidRecieveByte_NoAck
 .text.M_TWI_u8GetStatus
                0x00001b74        0x6 MCAL/TWI/TWI_program.o
                0x00001b74                M_TWI_u8GetStatus
 .text.M_UART_voidInit
                0x00001b7a       0x18 MCAL/UART/UART_program.o
                0x00001b7a                M_UART_voidInit
 .text.M_UART_voidSend
                0x00001b92        0x8 MCAL/UART/UART_program.o
                0x00001b92                M_UART_voidSend
 .text.M_UART_u8ReceiveNoBlock
                0x00001b9a        0x4 MCAL/UART/UART_program.o
                0x00001b9a                M_UART_u8ReceiveNoBlock
 .text.M_UART_void_RX_InterruptEnable
                0x00001b9e        0x8 MCAL/UART/UART_program.o
                0x00001b9e                M_UART_void_RX_InterruptEnable
 .text.M_UART_void_RX_SetCallBack
                0x00001ba6        0xa MCAL/UART/UART_program.o
                0x00001ba6                M_UART_void_RX_SetCallBack
 .text.__vector_13
                0x00001bb0       0x52 MCAL/UART/UART_program.o
                0x00001bb0                __vector_13
 .text.__vector_15
                0x00001c02       0x52 MCAL/UART/UART_program.o
                0x00001c02                __vector_15
 .text.rx_func  0x00001c54       0x18 SERVICES/UART_SERVICES/UartServices.o
 .text.S_UART_void_ReceiveCharAsynch
                0x00001c6c       0x20 SERVICES/UART_SERVICES/UartServices.o
                0x00001c6c                S_UART_void_ReceiveCharAsynch
 .text.libgcc   0x00001c8c        0xc c:/program files (x86)/atmel/studio/7.0/toolchain/avr8/avr8-gnu-toolchain/bin/../lib/gcc/avr/5.4.0/avr5\libgcc.a(_tablejump2.o)
                0x00001c8c                __tablejump2__
                0x00001c98                . = ALIGN (0x2)
 *(.fini9)
 .fini9         0x00001c98        0x0 c:/program files (x86)/atmel/studio/7.0/toolchain/avr8/avr8-gnu-toolchain/bin/../lib/gcc/avr/5.4.0/avr5\libgcc.a(_exit.o)
                0x00001c98                _exit
                0x00001c98                exit
 *(.fini9)
 *(.fini8)
 *(.fini8)
 *(.fini7)
 *(.fini7)
 *(.fini6)
 *(.fini6)
 *(.fini5)
 *(.fini5)
 *(.fini4)
 *(.fini4)
 *(.fini3)
 *(.fini3)
 *(.fini2)
 *(.fini2)
 *(.fini1)
 *(.fini1)
 *(.fini0)
 .fini0         0x00001c98        0x4 c:/program files (x86)/atmel/studio/7.0/toolchain/avr8/avr8-gnu-toolchain/bin/../lib/gcc/avr/5.4.0/avr5\libgcc.a(_exit.o)
 *(.fini0)
                0x00001c9c                _etext = .

.data           0x00800060      0x242 load address 0x00001c9c
                0x00800060                PROVIDE (__data_start, .)
 *(.data)
 *(.data*)
 .data.response
                0x00800060        0x1 APP/main.o
                0x00800060                response
 .data.login_counter
                0x00800061        0x1 APP/main.o
                0x00800061                login_counter
 .data.arr_col  0x00800062        0x4 HAL/KEYPAD/KEYPAD_program.o
                0x00800062                arr_col
 .data.arr_row  0x00800066        0x4 HAL/KEYPAD/KEYPAD_program.o
                0x00800066                arr_row
 .data.LOCAL_ARR
                0x0080006a       0x10 HAL/KEYPAD/KEYPAD_program.o
                0x0080006a                LOCAL_ARR
 *(.gnu.linkonce.d*)
 *(.rodata)
 *(.rodata*)
 .rodata.str1.1
                0x0080007a      0x228 APP/main.o
 *(.gnu.linkonce.r*)
                0x008002a2                . = ALIGN (0x2)
                0x008002a2                _edata = .
                0x008002a2                PROVIDE (__data_end, .)

.bss            0x008002a2       0x30
                0x008002a2                PROVIDE (__bss_start, .)
 *(.bss)
 *(.bss*)
 .bss.timeout_flag
                0x008002a2        0x1 APP/main.o
                0x008002a2                timeout_flag
 .bss.PTR_FUNC_INT2
                0x008002a3        0x2 MCAL/EXT_INTERRUPT/EXTI_program.o
                0x008002a3                PTR_FUNC_INT2
 .bss.PTR_FUNC_INT1
                0x008002a5        0x2 MCAL/EXT_INTERRUPT/EXTI_program.o
                0x008002a5                PTR_FUNC_INT1
 .bss.PTR_FUNC_INT0
                0x008002a7        0x2 MCAL/EXT_INTERRUPT/EXTI_program.o
                0x008002a7                PTR_FUNC_INT0
 .bss.cmpcounter.1791
                0x008002a9        0x4 MCAL/TIMER_0/TIMER0_program.o
 .bss.OVFcounter.1785
                0x008002ad        0x4 MCAL/TIMER_0/TIMER0_program.o
 .bss.PTR_TIMER0_OC
                0x008002b1        0x2 MCAL/TIMER_0/TIMER0_program.o
                0x008002b1                PTR_TIMER0_OC
 .bss.PTR_TIMER0_OVF
                0x008002b3        0x2 MCAL/TIMER_0/TIMER0_program.o
                0x008002b3                PTR_TIMER0_OVF
 .bss.session_counter
                0x008002b5        0x4 MCAL/TIMER_0/TIMER0_program.o
                0x008002b5                session_counter
 .bss.NumberOfRemanningTicks
                0x008002b9        0x1 MCAL/TIMER_0/TIMER0_program.o
 .bss.NumberOfOverFlows
                0x008002ba        0x4 MCAL/TIMER_0/TIMER0_program.o
 .bss.Timer1_ICU_ptr_func
                0x008002be        0x2 MCAL/TIMER_1/TIMER1_program.o
 .bss.Timer1_OCB_ptr_func
                0x008002c0        0x2 MCAL/TIMER_1/TIMER1_program.o
 .bss.Timer1_OCA_ptr_func
                0x008002c2        0x2 MCAL/TIMER_1/TIMER1_program.o
 .bss.Timer1_OVF_ptr_func
                0x008002c4        0x2 MCAL/TIMER_1/TIMER1_program.o
 .bss.UART_TX_Fptr
                0x008002c6        0x2 MCAL/UART/UART_program.o
 .bss.UART_RX_Fptr
                0x008002c8        0x2 MCAL/UART/UART_program.o
 *(COMMON)
 COMMON         0x008002ca        0x2 HAL/KEYPAD/KEYPAD_program.o
                0x008002ca                r
                0x008002cb                c
 COMMON         0x008002cc        0x6 SERVICES/UART_SERVICES/UartServices.o
                0x008002cc                RX_str
                0x008002ce                TX_STR
                0x008002d0                rs_str
                0x008002d2                PROVIDE (__bss_end, .)
                0x00001c9c                __data_load_start = LOADADDR (.data)
                0x00001ede                __data_load_end = (__data_load_start + SIZEOF (.data))

.noinit         0x008002d2        0x0
                [!provide]                PROVIDE (__noinit_start, .)
 *(.noinit*)
                [!provide]                PROVIDE (__noinit_end, .)
                0x008002d2                _end = .
                [!provide]                PROVIDE (__heap_start, .)

.eeprom         0x00810000        0x0
 *(.eeprom*)
                0x00810000                __eeprom_end = .

.fuse
 *(.fuse)
 *(.lfuse)
 *(.hfuse)
 *(.efuse)

.lock
 *(.lock*)

.signature
 *(.signature*)

.user_signatures
 *(.user_signatures*)

.stab
 *(.stab)

.stabstr
 *(.stabstr)

.stab.excl
 *(.stab.excl)

.stab.exclstr
 *(.stab.exclstr)

.stab.index
 *(.stab.index)

.stab.indexstr
 *(.stab.indexstr)

.comment        0x00000000       0x30
 *(.comment)
 .comment       0x00000000       0x30 APP/main.o
                                 0x31 (size before relaxing)
 .comment       0x00000030       0x31 HAL/BUZZER/BUZZER_program.o
 .comment       0x00000030       0x31 HAL/EEPROM/EEPROM_program.o
 .comment       0x00000030       0x31 HAL/KEYPAD/KEYPAD_program.o
 .comment       0x00000030       0x31 HAL/LCD/LCD_program.o
 .comment       0x00000030       0x31 HAL/LED/LED_program.o
 .comment       0x00000030       0x31 HAL/SSD/SSD_program.o
 .comment       0x00000030       0x31 MCAL/DIO/DIO_program.o
 .comment       0x00000030       0x31 MCAL/EXT_INTERRUPT/EXTI_program.o
 .comment       0x00000030       0x31 MCAL/GIE/GIE_program.o
 .comment       0x00000030       0x31 MCAL/TIMER_0/TIMER0_program.o
 .comment       0x00000030       0x31 MCAL/TIMER_1/TIMER1_program.o
 .comment       0x00000030       0x31 MCAL/TWI/TWI_program.o
 .comment       0x00000030       0x31 MCAL/UART/UART_program.o
 .comment       0x00000030       0x31 SERVICES/UART_SERVICES/UartServices.o

.note.gnu.avr.deviceinfo
                0x00000000       0x3c
 .note.gnu.avr.deviceinfo
                0x00000000       0x3c C:/Program Files (x86)/Atmel/Studio/7.0/Packs/atmel/ATmega_DFP/1.7.374/gcc/dev/atmega32/avr5/crtatmega32.o

.note.gnu.build-id
 *(.note.gnu.build-id)

.debug
 *(.debug)

.line
 *(.line)

.debug_srcinfo
 *(.debug_srcinfo)

.debug_sfnames
 *(.debug_sfnames)

.debug_aranges  0x00000000      0x4e0
 *(.debug_aranges)
 .debug_aranges
                0x00000000       0x40 APP/main.o
 .debug_aranges
                0x00000040       0x30 HAL/BUZZER/BUZZER_program.o
 .debug_aranges
                0x00000070       0x30 HAL/EEPROM/EEPROM_program.o
 .debug_aranges
                0x000000a0       0x28 HAL/KEYPAD/KEYPAD_program.o
 .debug_aranges
                0x000000c8       0x68 HAL/LCD/LCD_program.o
 .debug_aranges
                0x00000130       0x40 HAL/LED/LED_program.o
 .debug_aranges
                0x00000170       0x30 HAL/SSD/SSD_program.o
 .debug_aranges
                0x000001a0       0x50 MCAL/DIO/DIO_program.o
 .debug_aranges
                0x000001f0       0x50 MCAL/EXT_INTERRUPT/EXTI_program.o
 .debug_aranges
                0x00000240       0x28 MCAL/GIE/GIE_program.o
 .debug_aranges
                0x00000268       0x78 MCAL/TIMER_0/TIMER0_program.o
 .debug_aranges
                0x000002e0       0xd0 MCAL/TIMER_1/TIMER1_program.o
 .debug_aranges
                0x000003b0       0x50 MCAL/TWI/TWI_program.o
 .debug_aranges
                0x00000400       0x88 MCAL/UART/UART_program.o
 .debug_aranges
                0x00000488       0x58 SERVICES/UART_SERVICES/UartServices.o

.debug_pubnames
 *(.debug_pubnames)

.debug_info     0x00000000     0x5242
 *(.debug_info .gnu.linkonce.wi.*)
 .debug_info    0x00000000      0x4e6 C:/Program Files (x86)/Atmel/Studio/7.0/Packs/atmel/ATmega_DFP/1.7.374/gcc/dev/atmega32/avr5/crtatmega32.o
 .debug_info    0x000004e6     0x2178 APP/main.o
 .debug_info    0x0000265e      0x117 HAL/BUZZER/BUZZER_program.o
 .debug_info    0x00002775      0x28e HAL/EEPROM/EEPROM_program.o
 .debug_info    0x00002a03      0x1f7 HAL/KEYPAD/KEYPAD_program.o
 .debug_info    0x00002bfa      0x9e9 HAL/LCD/LCD_program.o
 .debug_info    0x000035e3      0x21b HAL/LED/LED_program.o
 .debug_info    0x000037fe      0x611 HAL/SSD/SSD_program.o
 .debug_info    0x00003e0f      0x28e MCAL/DIO/DIO_program.o
 .debug_info    0x0000409d      0x20f MCAL/EXT_INTERRUPT/EXTI_program.o
 .debug_info    0x000042ac       0xa6 MCAL/GIE/GIE_program.o
 .debug_info    0x00004352      0x44d MCAL/TIMER_0/TIMER0_program.o
 .debug_info    0x0000479f      0x3b8 MCAL/TIMER_1/TIMER1_program.o
 .debug_info    0x00004b57      0x15d MCAL/TWI/TWI_program.o
 .debug_info    0x00004cb4      0x250 MCAL/UART/UART_program.o
 .debug_info    0x00004f04      0x33e SERVICES/UART_SERVICES/UartServices.o

.debug_abbrev   0x00000000     0x148e
 *(.debug_abbrev)
 .debug_abbrev  0x00000000      0x4a3 C:/Program Files (x86)/Atmel/Studio/7.0/Packs/atmel/ATmega_DFP/1.7.374/gcc/dev/atmega32/avr5/crtatmega32.o
 .debug_abbrev  0x000004a3      0x25a APP/main.o
 .debug_abbrev  0x000006fd       0x64 HAL/BUZZER/BUZZER_program.o
 .debug_abbrev  0x00000761       0xc1 HAL/EEPROM/EEPROM_program.o
 .debug_abbrev  0x00000822       0xf3 HAL/KEYPAD/KEYPAD_program.o
 .debug_abbrev  0x00000915      0x1ae HAL/LCD/LCD_program.o
 .debug_abbrev  0x00000ac3       0xd0 HAL/LED/LED_program.o
 .debug_abbrev  0x00000b93      0x150 HAL/SSD/SSD_program.o
 .debug_abbrev  0x00000ce3      0x116 MCAL/DIO/DIO_program.o
 .debug_abbrev  0x00000df9       0xb7 MCAL/EXT_INTERRUPT/EXTI_program.o
 .debug_abbrev  0x00000eb0       0x46 MCAL/GIE/GIE_program.o
 .debug_abbrev  0x00000ef6      0x196 MCAL/TIMER_0/TIMER0_program.o
 .debug_abbrev  0x0000108c      0x156 MCAL/TIMER_1/TIMER1_program.o
 .debug_abbrev  0x000011e2       0xb0 MCAL/TWI/TWI_program.o
 .debug_abbrev  0x00001292       0xeb MCAL/UART/UART_program.o
 .debug_abbrev  0x0000137d      0x111 SERVICES/UART_SERVICES/UartServices.o

.debug_line     0x00000000     0x2de0
 *(.debug_line .debug_line.* .debug_line_end)
 .debug_line    0x00000000      0x116 C:/Program Files (x86)/Atmel/Studio/7.0/Packs/atmel/ATmega_DFP/1.7.374/gcc/dev/atmega32/avr5/crtatmega32.o
 .debug_line    0x00000116      0xf18 APP/main.o
 .debug_line    0x0000102e       0xae HAL/BUZZER/BUZZER_program.o
 .debug_line    0x000010dc      0x1a0 HAL/EEPROM/EEPROM_program.o
 .debug_line    0x0000127c      0x16c HAL/KEYPAD/KEYPAD_program.o
 .debug_line    0x000013e8      0x460 HAL/LCD/LCD_program.o
 .debug_line    0x00001848      0x113 HAL/LED/LED_program.o
 .debug_line    0x0000195b      0x2ee HAL/SSD/SSD_program.o
 .debug_line    0x00001c49      0x304 MCAL/DIO/DIO_program.o
 .debug_line    0x00001f4d      0x23a MCAL/EXT_INTERRUPT/EXTI_program.o
 .debug_line    0x00002187       0x87 MCAL/GIE/GIE_program.o
 .debug_line    0x0000220e      0x2f7 MCAL/TIMER_0/TIMER0_program.o
 .debug_line    0x00002505      0x346 MCAL/TIMER_1/TIMER1_program.o
 .debug_line    0x0000284b      0x15a MCAL/TWI/TWI_program.o
 .debug_line    0x000029a5      0x1f7 MCAL/UART/UART_program.o
 .debug_line    0x00002b9c      0x244 SERVICES/UART_SERVICES/UartServices.o

.debug_frame    0x00000000      0xcd8
 *(.debug_frame)
 .debug_frame   0x00000000       0xa0 APP/main.o
 .debug_frame   0x000000a0       0x44 HAL/BUZZER/BUZZER_program.o
 .debug_frame   0x000000e4       0x68 HAL/EEPROM/EEPROM_program.o
 .debug_frame   0x0000014c       0x3c HAL/KEYPAD/KEYPAD_program.o
 .debug_frame   0x00000188      0x14c HAL/LCD/LCD_program.o
 .debug_frame   0x000002d4       0x64 HAL/LED/LED_program.o
 .debug_frame   0x00000338       0x6c HAL/SSD/SSD_program.o
 .debug_frame   0x000003a4       0x8c MCAL/DIO/DIO_program.o
 .debug_frame   0x00000430      0x15c MCAL/EXT_INTERRUPT/EXTI_program.o
 .debug_frame   0x0000058c       0x34 MCAL/GIE/GIE_program.o
 .debug_frame   0x000005c0      0x170 MCAL/TIMER_0/TIMER0_program.o
 .debug_frame   0x00000730      0x2a4 MCAL/TIMER_1/TIMER1_program.o
 .debug_frame   0x000009d4       0x84 MCAL/TWI/TWI_program.o
 .debug_frame   0x00000a58      0x184 MCAL/UART/UART_program.o
 .debug_frame   0x00000bdc       0xfc SERVICES/UART_SERVICES/UartServices.o

.debug_str      0x00000000     0x1389
 *(.debug_str)
 .debug_str     0x00000000      0x196 C:/Program Files (x86)/Atmel/Studio/7.0/Packs/atmel/ATmega_DFP/1.7.374/gcc/dev/atmega32/avr5/crtatmega32.o
 .debug_str     0x00000196      0x5e2 APP/main.o
                                0x620 (size before relaxing)
 .debug_str     0x00000778       0x4f HAL/BUZZER/BUZZER_program.o
                                0x21c (size before relaxing)
 .debug_str     0x000007c7       0xb9 HAL/EEPROM/EEPROM_program.o
                                0x28d (size before relaxing)
 .debug_str     0x00000880       0x4d HAL/KEYPAD/KEYPAD_program.o
                                0x251 (size before relaxing)
 .debug_str     0x000008cd       0xff HAL/LCD/LCD_program.o
                                0x38b (size before relaxing)
 .debug_str     0x000009cc       0x87 HAL/LED/LED_program.o
                                0x28f (size before relaxing)
 .debug_str     0x00000a53       0x3d HAL/SSD/SSD_program.o
                                0x288 (size before relaxing)
 .debug_str     0x00000a90       0xa4 MCAL/DIO/DIO_program.o
                                0x299 (size before relaxing)
 .debug_str     0x00000b34       0xc9 MCAL/EXT_INTERRUPT/EXTI_program.o
                                0x2e3 (size before relaxing)
 .debug_str     0x00000bfd       0x35 MCAL/GIE/GIE_program.o
                                0x1e1 (size before relaxing)
 .debug_str     0x00000c32      0x1c0 MCAL/TIMER_0/TIMER0_program.o
                                0x3e9 (size before relaxing)
 .debug_str     0x00000df2      0x330 MCAL/TIMER_1/TIMER1_program.o
                                0x4f3 (size before relaxing)
 .debug_str     0x00001122       0x34 MCAL/TWI/TWI_program.o
                                0x249 (size before relaxing)
 .debug_str     0x00001156      0x16b MCAL/UART/UART_program.o
                                0x322 (size before relaxing)
 .debug_str     0x000012c1       0xc8 SERVICES/UART_SERVICES/UartServices.o
                                0x33c (size before relaxing)

.debug_loc      0x00000000     0x3ec7
 *(.debug_loc)
 .debug_loc     0x00000000     0x1838 APP/main.o
 .debug_loc     0x00001838      0x1c5 HAL/EEPROM/EEPROM_program.o
 .debug_loc     0x000019fd       0x4d HAL/KEYPAD/KEYPAD_program.o
 .debug_loc     0x00001a4a      0x8cd HAL/LCD/LCD_program.o
 .debug_loc     0x00002317       0xc4 HAL/LED/LED_program.o
 .debug_loc     0x000023db      0x344 HAL/SSD/SSD_program.o
 .debug_loc     0x0000271f      0x6a4 MCAL/DIO/DIO_program.o
 .debug_loc     0x00002dc3      0x422 MCAL/EXT_INTERRUPT/EXTI_program.o
 .debug_loc     0x000031e5      0x49e MCAL/TIMER_0/TIMER0_program.o
 .debug_loc     0x00003683      0x366 MCAL/TIMER_1/TIMER1_program.o
 .debug_loc     0x000039e9       0x55 MCAL/TWI/TWI_program.o
 .debug_loc     0x00003a3e      0x1be MCAL/UART/UART_program.o
 .debug_loc     0x00003bfc      0x2cb SERVICES/UART_SERVICES/UartServices.o

.debug_macinfo
 *(.debug_macinfo)

.debug_weaknames
 *(.debug_weaknames)

.debug_funcnames
 *(.debug_funcnames)

.debug_typenames
 *(.debug_typenames)

.debug_varnames
 *(.debug_varnames)

.debug_pubtypes
 *(.debug_pubtypes)

.debug_ranges   0x00000000      0x408
 *(.debug_ranges)
 .debug_ranges  0x00000000       0x48 APP/main.o
 .debug_ranges  0x00000048       0x20 HAL/BUZZER/BUZZER_program.o
 .debug_ranges  0x00000068       0x20 HAL/EEPROM/EEPROM_program.o
 .debug_ranges  0x00000088       0x18 HAL/KEYPAD/KEYPAD_program.o
 .debug_ranges  0x000000a0       0x58 HAL/LCD/LCD_program.o
 .debug_ranges  0x000000f8       0x30 HAL/LED/LED_program.o
 .debug_ranges  0x00000128       0x20 HAL/SSD/SSD_program.o
 .debug_ranges  0x00000148       0x40 MCAL/DIO/DIO_program.o
 .debug_ranges  0x00000188       0x40 MCAL/EXT_INTERRUPT/EXTI_program.o
 .debug_ranges  0x000001c8       0x18 MCAL/GIE/GIE_program.o
 .debug_ranges  0x000001e0       0x68 MCAL/TIMER_0/TIMER0_program.o
 .debug_ranges  0x00000248       0xc0 MCAL/TIMER_1/TIMER1_program.o
 .debug_ranges  0x00000308       0x40 MCAL/TWI/TWI_program.o
 .debug_ranges  0x00000348       0x78 MCAL/UART/UART_program.o
 .debug_ranges  0x000003c0       0x48 SERVICES/UART_SERVICES/UartServices.o

.debug_macro
 *(.debug_macro)
OUTPUT(SMART_HOME_HMI_MCU.elf elf32-avr)
LOAD linker stubs
